Archive member included to satisfy reference by file (symbol)

c:/st/stm32cubeide_1.12.0/stm32cubeide/plugins/com.st.stm32cube.ide.mcu.externaltools.gnu-tools-for-stm32.10.3-2021.10.win32_1.0.200.202301161003/tools/bin/../lib/gcc/arm-none-eabi/10.3.1/../../../../arm-none-eabi/lib/thumb/v7e-m+fp/hard\libc_nano.a(lib_a-errno.o)
                              ./Core/Src/syscalls.o (__errno)
c:/st/stm32cubeide_1.12.0/stm32cubeide/plugins/com.st.stm32cube.ide.mcu.externaltools.gnu-tools-for-stm32.10.3-2021.10.win32_1.0.200.202301161003/tools/bin/../lib/gcc/arm-none-eabi/10.3.1/../../../../arm-none-eabi/lib/thumb/v7e-m+fp/hard\libc_nano.a(lib_a-exit.o)
                              c:/st/stm32cubeide_1.12.0/stm32cubeide/plugins/com.st.stm32cube.ide.mcu.externaltools.gnu-tools-for-stm32.10.3-2021.10.win32_1.0.200.202301161003/tools/bin/../lib/gcc/arm-none-eabi/10.3.1/../../../../arm-none-eabi/lib/thumb/v7e-m+fp/hard/crt0.o (exit)
c:/st/stm32cubeide_1.12.0/stm32cubeide/plugins/com.st.stm32cube.ide.mcu.externaltools.gnu-tools-for-stm32.10.3-2021.10.win32_1.0.200.202301161003/tools/bin/../lib/gcc/arm-none-eabi/10.3.1/../../../../arm-none-eabi/lib/thumb/v7e-m+fp/hard\libc_nano.a(lib_a-impure.o)
                              c:/st/stm32cubeide_1.12.0/stm32cubeide/plugins/com.st.stm32cube.ide.mcu.externaltools.gnu-tools-for-stm32.10.3-2021.10.win32_1.0.200.202301161003/tools/bin/../lib/gcc/arm-none-eabi/10.3.1/../../../../arm-none-eabi/lib/thumb/v7e-m+fp/hard\libc_nano.a(lib_a-exit.o) (_global_impure_ptr)
c:/st/stm32cubeide_1.12.0/stm32cubeide/plugins/com.st.stm32cube.ide.mcu.externaltools.gnu-tools-for-stm32.10.3-2021.10.win32_1.0.200.202301161003/tools/bin/../lib/gcc/arm-none-eabi/10.3.1/../../../../arm-none-eabi/lib/thumb/v7e-m+fp/hard\libc_nano.a(lib_a-init.o)
                              c:/st/stm32cubeide_1.12.0/stm32cubeide/plugins/com.st.stm32cube.ide.mcu.externaltools.gnu-tools-for-stm32.10.3-2021.10.win32_1.0.200.202301161003/tools/bin/../lib/gcc/arm-none-eabi/10.3.1/../../../../arm-none-eabi/lib/thumb/v7e-m+fp/hard/crt0.o (__libc_init_array)
c:/st/stm32cubeide_1.12.0/stm32cubeide/plugins/com.st.stm32cube.ide.mcu.externaltools.gnu-tools-for-stm32.10.3-2021.10.win32_1.0.200.202301161003/tools/bin/../lib/gcc/arm-none-eabi/10.3.1/../../../../arm-none-eabi/lib/thumb/v7e-m+fp/hard\libc_nano.a(lib_a-memset.o)
                              c:/st/stm32cubeide_1.12.0/stm32cubeide/plugins/com.st.stm32cube.ide.mcu.externaltools.gnu-tools-for-stm32.10.3-2021.10.win32_1.0.200.202301161003/tools/bin/../lib/gcc/arm-none-eabi/10.3.1/../../../../arm-none-eabi/lib/thumb/v7e-m+fp/hard/crt0.o (memset)
c:/st/stm32cubeide_1.12.0/stm32cubeide/plugins/com.st.stm32cube.ide.mcu.externaltools.gnu-tools-for-stm32.10.3-2021.10.win32_1.0.200.202301161003/tools/bin/../lib/gcc/arm-none-eabi/10.3.1/thumb/v7e-m+fp/hard\libgcc.a(_aeabi_uldivmod.o)
                              ./Drivers/STM32F4xx_HAL_Driver/Src/stm32f4xx_hal_rcc.o (__aeabi_uldivmod)
c:/st/stm32cubeide_1.12.0/stm32cubeide/plugins/com.st.stm32cube.ide.mcu.externaltools.gnu-tools-for-stm32.10.3-2021.10.win32_1.0.200.202301161003/tools/bin/../lib/gcc/arm-none-eabi/10.3.1/thumb/v7e-m+fp/hard\libgcc.a(_udivmoddi4.o)
                              c:/st/stm32cubeide_1.12.0/stm32cubeide/plugins/com.st.stm32cube.ide.mcu.externaltools.gnu-tools-for-stm32.10.3-2021.10.win32_1.0.200.202301161003/tools/bin/../lib/gcc/arm-none-eabi/10.3.1/thumb/v7e-m+fp/hard\libgcc.a(_aeabi_uldivmod.o) (__udivmoddi4)
c:/st/stm32cubeide_1.12.0/stm32cubeide/plugins/com.st.stm32cube.ide.mcu.externaltools.gnu-tools-for-stm32.10.3-2021.10.win32_1.0.200.202301161003/tools/bin/../lib/gcc/arm-none-eabi/10.3.1/thumb/v7e-m+fp/hard\libgcc.a(_dvmd_tls.o)
                              c:/st/stm32cubeide_1.12.0/stm32cubeide/plugins/com.st.stm32cube.ide.mcu.externaltools.gnu-tools-for-stm32.10.3-2021.10.win32_1.0.200.202301161003/tools/bin/../lib/gcc/arm-none-eabi/10.3.1/thumb/v7e-m+fp/hard\libgcc.a(_aeabi_uldivmod.o) (__aeabi_ldiv0)

Discarded input sections

 .text          0x0000000000000000        0x0 c:/st/stm32cubeide_1.12.0/stm32cubeide/plugins/com.st.stm32cube.ide.mcu.externaltools.gnu-tools-for-stm32.10.3-2021.10.win32_1.0.200.202301161003/tools/bin/../lib/gcc/arm-none-eabi/10.3.1/thumb/v7e-m+fp/hard/crti.o
 .data          0x0000000000000000        0x0 c:/st/stm32cubeide_1.12.0/stm32cubeide/plugins/com.st.stm32cube.ide.mcu.externaltools.gnu-tools-for-stm32.10.3-2021.10.win32_1.0.200.202301161003/tools/bin/../lib/gcc/arm-none-eabi/10.3.1/thumb/v7e-m+fp/hard/crti.o
 .bss           0x0000000000000000        0x0 c:/st/stm32cubeide_1.12.0/stm32cubeide/plugins/com.st.stm32cube.ide.mcu.externaltools.gnu-tools-for-stm32.10.3-2021.10.win32_1.0.200.202301161003/tools/bin/../lib/gcc/arm-none-eabi/10.3.1/thumb/v7e-m+fp/hard/crti.o
[...]
Memory Configuration

Name             Origin             Length             Attributes
CCMRAM           0x0000000010000000 0x0000000000010000 xrw
RAM              0x0000000020000000 0x0000000000020000 xrw
FLASH            0x0000000008000000 0x0000000000100000 xr
*default*        0x0000000000000000 0xffffffffffffffff

Linker script and memory map

LOAD c:/st/stm32cubeide_1.12.0/stm32cubeide/plugins/com.st.stm32cube.ide.mcu.externaltools.gnu-tools-for-stm32.10.3-2021.10.win32_1.0.200.202301161003/tools/bin/../lib/gcc/arm-none-eabi/10.3.1/thumb/v7e-m+fp/hard/crti.o
LOAD c:/st/stm32cubeide_1.12.0/stm32cubeide/plugins/com.st.stm32cube.ide.mcu.externaltools.gnu-tools-for-stm32.10.3-2021.10.win32_1.0.200.202301161003/tools/bin/../lib/gcc/arm-none-eabi/10.3.1/thumb/v7e-m+fp/hard/crtbegin.o
LOAD c:/st/stm32cubeide_1.12.0/stm32cubeide/plugins/com.st.stm32cube.ide.mcu.externaltools.gnu-tools-for-stm32.10.3-2021.10.win32_1.0.200.202301161003/tools/bin/../lib/gcc/arm-none-eabi/10.3.1/../../../../arm-none-eabi/lib/thumb/v7e-m+fp/hard/crt0.o
LOAD ./Core/Src/lis302dl.o
LOAD ./Core/Src/lis3dsh.o
LOAD ./Core/Src/main.o
LOAD ./Core/Src/stm32f4_discovery.o
LOAD ./Core/Src/stm32f4_discovery_accelerometer.o
LOAD ./Core/Src/stm32f4xx_hal_msp.o
LOAD ./Core/Src/stm32f4xx_it.o
LOAD ./Core/Src/syscalls.o
LOAD ./Core/Src/sysmem.o
LOAD ./Core/Src/system_stm32f4xx.o
LOAD ./Core/Startup/startup_stm32f407vgtx.o
LOAD ./Drivers/STM32F4xx_HAL_Driver/Src/stm32f4xx_hal.o
LOAD ./Drivers/STM32F4xx_HAL_Driver/Src/stm32f4xx_hal_cortex.o
LOAD ./Drivers/STM32F4xx_HAL_Driver/Src/stm32f4xx_hal_dma.o
LOAD ./Drivers/STM32F4xx_HAL_Driver/Src/stm32f4xx_hal_dma_ex.o
LOAD ./Drivers/STM32F4xx_HAL_Driver/Src/stm32f4xx_hal_exti.o
LOAD ./Drivers/STM32F4xx_HAL_Driver/Src/stm32f4xx_hal_flash.o
LOAD ./Drivers/STM32F4xx_HAL_Driver/Src/stm32f4xx_hal_flash_ex.o
LOAD ./Drivers/STM32F4xx_HAL_Driver/Src/stm32f4xx_hal_flash_ramfunc.o
LOAD ./Drivers/STM32F4xx_HAL_Driver/Src/stm32f4xx_hal_gpio.o
LOAD ./Drivers/STM32F4xx_HAL_Driver/Src/stm32f4xx_hal_pcd.o
LOAD ./Drivers/STM32F4xx_HAL_Driver/Src/stm32f4xx_hal_pcd_ex.o
LOAD ./Drivers/STM32F4xx_HAL_Driver/Src/stm32f4xx_hal_pwr.o
LOAD ./Drivers/STM32F4xx_HAL_Driver/Src/stm32f4xx_hal_pwr_ex.o
LOAD ./Drivers/STM32F4xx_HAL_Driver/Src/stm32f4xx_hal_rcc.o
LOAD ./Drivers/STM32F4xx_HAL_Driver/Src/stm32f4xx_hal_rcc_ex.o
LOAD ./Drivers/STM32F4xx_HAL_Driver/Src/stm32f4xx_hal_spi.o
LOAD ./Drivers/STM32F4xx_HAL_Driver/Src/stm32f4xx_hal_tim.o
LOAD ./Drivers/STM32F4xx_HAL_Driver/Src/stm32f4xx_hal_tim_ex.o
LOAD ./Drivers/STM32F4xx_HAL_Driver/Src/stm32f4xx_ll_usb.o
LOAD ./Middlewares/ST/STM32_USB_Device_Library/Class/HID/Src/usbd_hid.o
LOAD ./Middlewares/ST/STM32_USB_Device_Library/Core/Src/usbd_core.o
LOAD ./Middlewares/ST/STM32_USB_Device_Library/Core/Src/usbd_ctlreq.o
LOAD ./Middlewares/ST/STM32_USB_Device_Library/Core/Src/usbd_ioreq.o
LOAD ./USB_DEVICE/App/usb_device.o
LOAD ./USB_DEVICE/App/usbd_desc.o
LOAD ./USB_DEVICE/Target/usbd_conf.o
START GROUP
LOAD c:/st/stm32cubeide_1.12.0/stm32cubeide/plugins/com.st.stm32cube.ide.mcu.externaltools.gnu-tools-for-stm32.10.3-2021.10.win32_1.0.200.202301161003/tools/bin/../lib/gcc/arm-none-eabi/10.3.1/../../../../arm-none-eabi/lib/thumb/v7e-m+fp/hard\libc_nano.a
LOAD c:/st/stm32cubeide_1.12.0/stm32cubeide/plugins/com.st.stm32cube.ide.mcu.externaltools.gnu-tools-for-stm32.10.3-2021.10.win32_1.0.200.202301161003/tools/bin/../lib/gcc/arm-none-eabi/10.3.1/../../../../arm-none-eabi/lib/thumb/v7e-m+fp/hard\libm.a
END GROUP
START GROUP
LOAD c:/st/stm32cubeide_1.12.0/stm32cubeide/plugins/com.st.stm32cube.ide.mcu.externaltools.gnu-tools-for-stm32.10.3-2021.10.win32_1.0.200.202301161003/tools/bin/../lib/gcc/arm-none-eabi/10.3.1/thumb/v7e-m+fp/hard\libgcc.a
LOAD c:/st/stm32cubeide_1.12.0/stm32cubeide/plugins/com.st.stm32cube.ide.mcu.externaltools.gnu-tools-for-stm32.10.3-2021.10.win32_1.0.200.202301161003/tools/bin/../lib/gcc/arm-none-eabi/10.3.1/../../../../arm-none-eabi/lib/thumb/v7e-m+fp/hard\libc_nano.a
END GROUP
START GROUP
LOAD c:/st/stm32cubeide_1.12.0/stm32cubeide/plugins/com.st.stm32cube.ide.mcu.externaltools.gnu-tools-for-stm32.10.3-2021.10.win32_1.0.200.202301161003/tools/bin/../lib/gcc/arm-none-eabi/10.3.1/thumb/v7e-m+fp/hard\libgcc.a
LOAD c:/st/stm32cubeide_1.12.0/stm32cubeide/plugins/com.st.stm32cube.ide.mcu.externaltools.gnu-tools-for-stm32.10.3-2021.10.win32_1.0.200.202301161003/tools/bin/../lib/gcc/arm-none-eabi/10.3.1/../../../../arm-none-eabi/lib/thumb/v7e-m+fp/hard\libc_nano.a
LOAD c:/st/stm32cubeide_1.12.0/stm32cubeide/plugins/com.st.stm32cube.ide.mcu.externaltools.gnu-tools-for-stm32.10.3-2021.10.win32_1.0.200.202301161003/tools/bin/../lib/gcc/arm-none-eabi/10.3.1/../../../../arm-none-eabi/lib/thumb/v7e-m+fp/hard\libnosys.a
END GROUP
START GROUP
LOAD c:/st/stm32cubeide_1.12.0/stm32cubeide/plugins/com.st.stm32cube.ide.mcu.externaltools.gnu-tools-for-stm32.10.3-2021.10.win32_1.0.200.202301161003/tools/bin/../lib/gcc/arm-none-eabi/10.3.1/thumb/v7e-m+fp/hard\libgcc.a
LOAD c:/st/stm32cubeide_1.12.0/stm32cubeide/plugins/com.st.stm32cube.ide.mcu.externaltools.gnu-tools-for-stm32.10.3-2021.10.win32_1.0.200.202301161003/tools/bin/../lib/gcc/arm-none-eabi/10.3.1/../../../../arm-none-eabi/lib/thumb/v7e-m+fp/hard\libc_nano.a
LOAD c:/st/stm32cubeide_1.12.0/stm32cubeide/plugins/com.st.stm32cube.ide.mcu.externaltools.gnu-tools-for-stm32.10.3-2021.10.win32_1.0.200.202301161003/tools/bin/../lib/gcc/arm-none-eabi/10.3.1/../../../../arm-none-eabi/lib/thumb/v7e-m+fp/hard\libnosys.a
END GROUP
LOAD c:/st/stm32cubeide_1.12.0/stm32cubeide/plugins/com.st.stm32cube.ide.mcu.externaltools.gnu-tools-for-stm32.10.3-2021.10.win32_1.0.200.202301161003/tools/bin/../lib/gcc/arm-none-eabi/10.3.1/thumb/v7e-m+fp/hard/crtend.o
LOAD c:/st/stm32cubeide_1.12.0/stm32cubeide/plugins/com.st.stm32cube.ide.mcu.externaltools.gnu-tools-for-stm32.10.3-2021.10.win32_1.0.200.202301161003/tools/bin/../lib/gcc/arm-none-eabi/10.3.1/thumb/v7e-m+fp/hard/crtn.o
                0x0000000020020000                _estack = (ORIGIN (RAM) + LENGTH (RAM))
                0x0000000000000200                _Min_Heap_Size = 0x200
                0x0000000000000400                _Min_Stack_Size = 0x400

.isr_vector     0x0000000008000000      0x188
                0x0000000008000000                . = ALIGN (0x4)
 *(.isr_vector)
 .isr_vector    0x0000000008000000      0x188 ./Core/Startup/startup_stm32f407vgtx.o
                0x0000000008000000                g_pfnVectors
                0x0000000008000188                . = ALIGN (0x4)

.text           0x0000000008000188     0x7f24
                0x0000000008000188                . = ALIGN (0x4)
 *(.text)
 .text          0x0000000008000188       0x40 c:/st/stm32cubeide_1.12.0/stm32cubeide/plugins/com.st.stm32cube.ide.mcu.externaltools.gnu-tools-for-stm32.10.3-2021.10.win32_1.0.200.202301161003/tools/bin/../lib/gcc/arm-none-eabi/10.3.1/thumb/v7e-m+fp/hard/crtbegin.o
 .text          0x00000000080001c8       0x30 c:/st/stm32cubeide_1.12.0/stm32cubeide/plugins/com.st.stm32cube.ide.mcu.externaltools.gnu-tools-for-stm32.10.3-2021.10.win32_1.0.200.202301161003/tools/bin/../lib/gcc/arm-none-eabi/10.3.1/thumb/v7e-m+fp/hard\libgcc.a(_aeabi_uldivmod.o)
                0x00000000080001c8                __aeabi_uldivmod
 .text          0x00000000080001f8      0x2d0 c:/st/stm32cubeide_1.12.0/stm32cubeide/plugins/com.st.stm32cube.ide.mcu.externaltools.gnu-tools-for-stm32.10.3-2021.10.win32_1.0.200.202301161003/tools/bin/../lib/gcc/arm-none-eabi/10.3.1/thumb/v7e-m+fp/hard\libgcc.a(_udivmoddi4.o)
                0x00000000080001f8                __udivmoddi4
 .text          0x00000000080004c8        0x4 c:/st/stm32cubeide_1.12.0/stm32cubeide/plugins/com.st.stm32cube.ide.mcu.externaltools.gnu-tools-for-stm32.10.3-2021.10.win32_1.0.200.202301161003/tools/bin/../lib/gcc/arm-none-eabi/10.3.1/thumb/v7e-m+fp/hard\libgcc.a(_dvmd_tls.o)
                0x00000000080004c8                __aeabi_idiv0
                0x00000000080004c8                __aeabi_ldiv0
 *(.text*)
 .text.LIS302DL_Init
                0x00000000080004cc       0x2e ./Core/Src/lis302dl.o
                0x00000000080004cc                LIS302DL_Init
 .text.LIS302DL_DeInit
                0x00000000080004fa        0xe ./Core/Src/lis302dl.o
                0x00000000080004fa                LIS302DL_DeInit
 .text.LIS302DL_ReadID
                0x0000000008000508       0x24 ./Core/Src/lis302dl.o
                0x0000000008000508                LIS302DL_ReadID
 .text.LIS302DL_FilterConfig
                0x000000000800052c       0x46 ./Core/Src/lis302dl.o
                0x000000000800052c                LIS302DL_FilterConfig
 .text.LIS302DL_InterruptConfig
                0x0000000008000572       0x46 ./Core/Src/lis302dl.o
                0x0000000008000572                LIS302DL_InterruptConfig
 .text.LIS302DL_Click_IntConfig
                0x00000000080005b8       0xaa ./Core/Src/lis302dl.o
                0x00000000080005b8                LIS302DL_Click_IntConfig
 .text.LIS302DL_Click_IntClear
                0x0000000008000662       0x2c ./Core/Src/lis302dl.o
                0x0000000008000662                LIS302DL_Click_IntClear
 .text.LIS302DL_RebootCmd
                0x000000000800068e       0x30 ./Core/Src/lis302dl.o
                0x000000000800068e                LIS302DL_RebootCmd
 .text.LIS302DL_ReadACC
                0x00000000080006be       0xb4 ./Core/Src/lis302dl.o
                0x00000000080006be                LIS302DL_ReadACC
 .text.LIS3DSH_Init
                0x0000000008000772       0x46 ./Core/Src/lis3dsh.o
                0x0000000008000772                LIS3DSH_Init
 .text.LIS3DSH_DeInit
                0x00000000080007b8        0xe ./Core/Src/lis3dsh.o
                0x00000000080007b8                LIS3DSH_DeInit
 .text.LIS3DSH_ReadID
                0x00000000080007c6       0x24 ./Core/Src/lis3dsh.o
                0x00000000080007c6                LIS3DSH_ReadID
 .text.LIS3DSH_InterruptConfig
                0x00000000080007ea       0x70 ./Core/Src/lis3dsh.o
                0x00000000080007ea                LIS3DSH_InterruptConfig
 .text.LIS3DSH_Click_IntConfig
                0x000000000800085a       0xde ./Core/Src/lis3dsh.o
                0x000000000800085a                LIS3DSH_Click_IntConfig
 .text.LIS3DSH_RebootCmd
                0x0000000008000938       0x30 ./Core/Src/lis3dsh.o
                0x0000000008000938                LIS3DSH_RebootCmd
 .text.LIS3DSH_ReadACC
                0x0000000008000968      0x1b4 ./Core/Src/lis3dsh.o
                0x0000000008000968                LIS3DSH_ReadACC
 .text.ACCELRO_Calibrate
                0x0000000008000b1c       0xe8 ./Core/Src/main.o
                0x0000000008000b1c                ACCELRO_Calibrate
 .text.HAL_GPIO_EXTI_Callback
                0x0000000008000c04       0x28 ./Core/Src/main.o
                0x0000000008000c04                HAL_GPIO_EXTI_Callback
 .text.main     0x0000000008000c2c      0x1e0 ./Core/Src/main.o
                0x0000000008000c2c                main
 .text.SystemClock_Config
                0x0000000008000e0c       0xd4 ./Core/Src/main.o
                0x0000000008000e0c                SystemClock_Config
 .text.MX_SPI1_Init
                0x0000000008000ee0       0x6c ./Core/Src/main.o
 .text.MX_USB_OTG_HS_PCD_Init
                0x0000000008000f4c       0x64 ./Core/Src/main.o
 .text.MX_GPIO_Init
                0x0000000008000fb0       0xf0 ./Core/Src/main.o
 .text.Error_Handler
                0x00000000080010a0        0xa ./Core/Src/main.o
                0x00000000080010a0                Error_Handler
 *fill*         0x00000000080010aa        0x2 
 .text.SPIx_Init
                0x00000000080010ac       0x74 ./Core/Src/stm32f4_discovery.o
 .text.SPIx_WriteRead
                0x0000000008001120       0x40 ./Core/Src/stm32f4_discovery.o
 .text.SPIx_Error
                0x0000000008001160       0x18 ./Core/Src/stm32f4_discovery.o
 .text.SPIx_MspInit
                0x0000000008001178       0x70 ./Core/Src/stm32f4_discovery.o
 .text.ACCELERO_IO_Init
                0x00000000080011e8       0x5c ./Core/Src/stm32f4_discovery.o
                0x00000000080011e8                ACCELERO_IO_Init
 .text.ACCELERO_IO_ITConfig
                0x0000000008001244       0x60 ./Core/Src/stm32f4_discovery.o
                0x0000000008001244                ACCELERO_IO_ITConfig
 .text.ACCELERO_IO_Write
                0x00000000080012a4       0x64 ./Core/Src/stm32f4_discovery.o
                0x00000000080012a4                ACCELERO_IO_Write
 .text.ACCELERO_IO_Read
                0x0000000008001308       0x74 ./Core/Src/stm32f4_discovery.o
                0x0000000008001308                ACCELERO_IO_Read
 .text.BSP_ACCELERO_Init
                0x000000000800137c      0x118 ./Core/Src/stm32f4_discovery_accelerometer.o
                0x000000000800137c                BSP_ACCELERO_Init
 .text.BSP_ACCELERO_GetXYZ
                0x0000000008001494       0x58 ./Core/Src/stm32f4_discovery_accelerometer.o
                0x0000000008001494                BSP_ACCELERO_GetXYZ
 .text.HAL_MspInit
                0x00000000080014ec       0x50 ./Core/Src/stm32f4xx_hal_msp.o
                0x00000000080014ec                HAL_MspInit
 .text.HAL_SPI_MspInit
                0x000000000800153c       0xd0 ./Core/Src/stm32f4xx_hal_msp.o
                0x000000000800153c                HAL_SPI_MspInit
 .text.HAL_SPI_MspDeInit
                0x000000000800160c       0x48 ./Core/Src/stm32f4xx_hal_msp.o
                0x000000000800160c                HAL_SPI_MspDeInit
 .text.NMI_Handler
                0x0000000008001654        0x6 ./Core/Src/stm32f4xx_it.o
                0x0000000008001654                NMI_Handler
 .text.HardFault_Handler
                0x000000000800165a        0x6 ./Core/Src/stm32f4xx_it.o
                0x000000000800165a                HardFault_Handler
 .text.MemManage_Handler
                0x0000000008001660        0x6 ./Core/Src/stm32f4xx_it.o
                0x0000000008001660                MemManage_Handler
 .text.BusFault_Handler
                0x0000000008001666        0x6 ./Core/Src/stm32f4xx_it.o
                0x0000000008001666                BusFault_Handler
 .text.UsageFault_Handler
                0x000000000800166c        0x6 ./Core/Src/stm32f4xx_it.o
                0x000000000800166c                UsageFault_Handler
 .text.SVC_Handler
                0x0000000008001672        0xe ./Core/Src/stm32f4xx_it.o
                0x0000000008001672                SVC_Handler
 .text.DebugMon_Handler
                0x0000000008001680        0xe ./Core/Src/stm32f4xx_it.o
                0x0000000008001680                DebugMon_Handler
 .text.PendSV_Handler
                0x000000000800168e        0xe ./Core/Src/stm32f4xx_it.o
                0x000000000800168e                PendSV_Handler
 .text.SysTick_Handler
                0x000000000800169c        0xc ./Core/Src/stm32f4xx_it.o
                0x000000000800169c                SysTick_Handler
 .text.EXTI0_IRQHandler
                0x00000000080016a8        0xe ./Core/Src/stm32f4xx_it.o
                0x00000000080016a8                EXTI0_IRQHandler
 *fill*         0x00000000080016b6        0x2 
 .text.OTG_FS_IRQHandler
                0x00000000080016b8       0x14 ./Core/Src/stm32f4xx_it.o
                0x00000000080016b8                OTG_FS_IRQHandler
 .text.SystemInit
                0x00000000080016cc       0x24 ./Core/Src/system_stm32f4xx.o
                0x00000000080016cc                SystemInit
 .text.Reset_Handler
                0x00000000080016f0       0x50 ./Core/Startup/startup_stm32f407vgtx.o
                0x00000000080016f0                Reset_Handler
 .text.Default_Handler
                0x0000000008001740        0x2 ./Core/Startup/startup_stm32f407vgtx.o
                0x0000000008001740                RTC_Alarm_IRQHandler
                0x0000000008001740                HASH_RNG_IRQHandler
                0x0000000008001740                EXTI2_IRQHandler
                0x0000000008001740                TIM8_CC_IRQHandler
                0x0000000008001740                TIM1_CC_IRQHandler
                0x0000000008001740                DMA2_Stream5_IRQHandler
                0x0000000008001740                DMA1_Stream5_IRQHandler
                0x0000000008001740                PVD_IRQHandler
                0x0000000008001740                SDIO_IRQHandler
                0x0000000008001740                TAMP_STAMP_IRQHandler
                0x0000000008001740                CAN2_RX1_IRQHandler
                0x0000000008001740                EXTI3_IRQHandler
                0x0000000008001740                TIM8_TRG_COM_TIM14_IRQHandler
                0x0000000008001740                TIM1_UP_TIM10_IRQHandler
                0x0000000008001740                TIM8_UP_TIM13_IRQHandler
                0x0000000008001740                I2C3_ER_IRQHandler
                0x0000000008001740                I2C2_EV_IRQHandler
                0x0000000008001740                DMA1_Stream2_IRQHandler
                0x0000000008001740                CAN1_RX0_IRQHandler
                0x0000000008001740                FPU_IRQHandler
                0x0000000008001740                OTG_HS_WKUP_IRQHandler
                0x0000000008001740                CAN2_SCE_IRQHandler
                0x0000000008001740                DMA2_Stream2_IRQHandler
                0x0000000008001740                SPI1_IRQHandler
                0x0000000008001740                TIM6_DAC_IRQHandler
                0x0000000008001740                TIM1_BRK_TIM9_IRQHandler
                0x0000000008001740                DCMI_IRQHandler
                0x0000000008001740                CAN2_RX0_IRQHandler
                0x0000000008001740                DMA2_Stream3_IRQHandler
                0x0000000008001740                USART6_IRQHandler
                0x0000000008001740                USART3_IRQHandler
                0x0000000008001740                CAN1_RX1_IRQHandler
                0x0000000008001740                UART5_IRQHandler
                0x0000000008001740                DMA2_Stream0_IRQHandler
                0x0000000008001740                TIM4_IRQHandler
                0x0000000008001740                I2C1_EV_IRQHandler
                0x0000000008001740                DMA1_Stream6_IRQHandler
                0x0000000008001740                DMA1_Stream1_IRQHandler
                0x0000000008001740                UART4_IRQHandler
                0x0000000008001740                TIM3_IRQHandler
                0x0000000008001740                RCC_IRQHandler
                0x0000000008001740                TIM8_BRK_TIM12_IRQHandler
                0x0000000008001740                Default_Handler
                0x0000000008001740                EXTI15_10_IRQHandler
                0x0000000008001740                ADC_IRQHandler
                0x0000000008001740                DMA1_Stream7_IRQHandler
                0x0000000008001740                TIM7_IRQHandler
                0x0000000008001740                CAN2_TX_IRQHandler
                0x0000000008001740                TIM5_IRQHandler
                0x0000000008001740                DMA2_Stream7_IRQHandler
                0x0000000008001740                I2C3_EV_IRQHandler
                0x0000000008001740                EXTI9_5_IRQHandler
                0x0000000008001740                RTC_WKUP_IRQHandler
                0x0000000008001740                ETH_WKUP_IRQHandler
                0x0000000008001740                SPI2_IRQHandler
                0x0000000008001740                OTG_HS_EP1_IN_IRQHandler
                0x0000000008001740                DMA1_Stream0_IRQHandler
                0x0000000008001740                CAN1_TX_IRQHandler
                0x0000000008001740                EXTI4_IRQHandler
                0x0000000008001740                FSMC_IRQHandler
                0x0000000008001740                ETH_IRQHandler
                0x0000000008001740                OTG_HS_EP1_OUT_IRQHandler
                0x0000000008001740                WWDG_IRQHandler
                0x0000000008001740                TIM2_IRQHandler
                0x0000000008001740                OTG_FS_WKUP_IRQHandler
                0x0000000008001740                TIM1_TRG_COM_TIM11_IRQHandler
                0x0000000008001740                OTG_HS_IRQHandler
                0x0000000008001740                EXTI1_IRQHandler
                0x0000000008001740                USART2_IRQHandler
                0x0000000008001740                I2C2_ER_IRQHandler
                0x0000000008001740                DMA2_Stream1_IRQHandler
                0x0000000008001740                CAN1_SCE_IRQHandler
                0x0000000008001740                FLASH_IRQHandler
                0x0000000008001740                DMA2_Stream4_IRQHandler
                0x0000000008001740                USART1_IRQHandler
                0x0000000008001740                SPI3_IRQHandler
                0x0000000008001740                DMA1_Stream4_IRQHandler
                0x0000000008001740                I2C1_ER_IRQHandler
                0x0000000008001740                DMA2_Stream6_IRQHandler
                0x0000000008001740                DMA1_Stream3_IRQHandler
 *fill*         0x0000000008001742        0x2 
 .text.HAL_Init
                0x0000000008001744       0x44 ./Drivers/STM32F4xx_HAL_Driver/Src/stm32f4xx_hal.o
                0x0000000008001744                HAL_Init
 .text.HAL_InitTick
                0x0000000008001788       0x60 ./Drivers/STM32F4xx_HAL_Driver/Src/stm32f4xx_hal.o
                0x0000000008001788                HAL_InitTick
 .text.HAL_IncTick
                0x00000000080017e8       0x28 ./Drivers/STM32F4xx_HAL_Driver/Src/stm32f4xx_hal.o
                0x00000000080017e8                HAL_IncTick
 .text.HAL_GetTick
                0x0000000008001810       0x18 ./Drivers/STM32F4xx_HAL_Driver/Src/stm32f4xx_hal.o
                0x0000000008001810                HAL_GetTick
 .text.HAL_Delay
                0x0000000008001828       0x48 ./Drivers/STM32F4xx_HAL_Driver/Src/stm32f4xx_hal.o
                0x0000000008001828                HAL_Delay
 .text.__NVIC_SetPriorityGrouping
                0x0000000008001870       0x48 ./Drivers/STM32F4xx_HAL_Driver/Src/stm32f4xx_hal_cortex.o
 .text.__NVIC_GetPriorityGrouping
                0x00000000080018b8       0x1c ./Drivers/STM32F4xx_HAL_Driver/Src/stm32f4xx_hal_cortex.o
 .text.__NVIC_EnableIRQ
                0x00000000080018d4       0x3c ./Drivers/STM32F4xx_HAL_Driver/Src/stm32f4xx_hal_cortex.o
 .text.__NVIC_SetPriority
                0x0000000008001910       0x54 ./Drivers/STM32F4xx_HAL_Driver/Src/stm32f4xx_hal_cortex.o
 .text.NVIC_EncodePriority
                0x0000000008001964       0x66 ./Drivers/STM32F4xx_HAL_Driver/Src/stm32f4xx_hal_cortex.o
 *fill*         0x00000000080019ca        0x2 
 .text.SysTick_Config
                0x00000000080019cc       0x44 ./Drivers/STM32F4xx_HAL_Driver/Src/stm32f4xx_hal_cortex.o
 .text.HAL_NVIC_SetPriorityGrouping
                0x0000000008001a10       0x16 ./Drivers/STM32F4xx_HAL_Driver/Src/stm32f4xx_hal_cortex.o
                0x0000000008001a10                HAL_NVIC_SetPriorityGrouping
 .text.HAL_NVIC_SetPriority
                0x0000000008001a26       0x38 ./Drivers/STM32F4xx_HAL_Driver/Src/stm32f4xx_hal_cortex.o
                0x0000000008001a26                HAL_NVIC_SetPriority
 .text.HAL_NVIC_EnableIRQ
                0x0000000008001a5e       0x1c ./Drivers/STM32F4xx_HAL_Driver/Src/stm32f4xx_hal_cortex.o
                0x0000000008001a5e                HAL_NVIC_EnableIRQ
 .text.HAL_SYSTICK_Config
                0x0000000008001a7a       0x18 ./Drivers/STM32F4xx_HAL_Driver/Src/stm32f4xx_hal_cortex.o
                0x0000000008001a7a                HAL_SYSTICK_Config
 *fill*         0x0000000008001a92        0x2 
 .text.HAL_GPIO_Init
                0x0000000008001a94      0x338 ./Drivers/STM32F4xx_HAL_Driver/Src/stm32f4xx_hal_gpio.o
                0x0000000008001a94                HAL_GPIO_Init
 .text.HAL_GPIO_DeInit
                0x0000000008001dcc      0x1f8 ./Drivers/STM32F4xx_HAL_Driver/Src/stm32f4xx_hal_gpio.o
                0x0000000008001dcc                HAL_GPIO_DeInit
 .text.HAL_GPIO_WritePin
                0x0000000008001fc4       0x32 ./Drivers/STM32F4xx_HAL_Driver/Src/stm32f4xx_hal_gpio.o
                0x0000000008001fc4                HAL_GPIO_WritePin
 *fill*         0x0000000008001ff6        0x2 
 .text.HAL_GPIO_EXTI_IRQHandler
                0x0000000008001ff8       0x30 ./Drivers/STM32F4xx_HAL_Driver/Src/stm32f4xx_hal_gpio.o
                0x0000000008001ff8                HAL_GPIO_EXTI_IRQHandler
 .text.HAL_PCD_Init
                0x0000000008002028      0x23a ./Drivers/STM32F4xx_HAL_Driver/Src/stm32f4xx_hal_pcd.o
                0x0000000008002028                HAL_PCD_Init
 .text.HAL_PCD_Start
                0x0000000008002262       0x66 ./Drivers/STM32F4xx_HAL_Driver/Src/stm32f4xx_hal_pcd.o
                0x0000000008002262                HAL_PCD_Start
 .text.HAL_PCD_IRQHandler
                0x00000000080022c8      0x93e ./Drivers/STM32F4xx_HAL_Driver/Src/stm32f4xx_hal_pcd.o
                0x00000000080022c8                HAL_PCD_IRQHandler
 .text.HAL_PCD_SetAddress
                0x0000000008002c06       0x4a ./Drivers/STM32F4xx_HAL_Driver/Src/stm32f4xx_hal_pcd.o
                0x0000000008002c06                HAL_PCD_SetAddress
 .text.HAL_PCD_EP_Open
                0x0000000008002c50       0xd0 ./Drivers/STM32F4xx_HAL_Driver/Src/stm32f4xx_hal_pcd.o
                0x0000000008002c50                HAL_PCD_EP_Open
 .text.HAL_PCD_EP_Close
                0x0000000008002d20       0x94 ./Drivers/STM32F4xx_HAL_Driver/Src/stm32f4xx_hal_pcd.o
                0x0000000008002d20                HAL_PCD_EP_Close
 .text.HAL_PCD_EP_Receive
                0x0000000008002db4       0x96 ./Drivers/STM32F4xx_HAL_Driver/Src/stm32f4xx_hal_pcd.o
                0x0000000008002db4                HAL_PCD_EP_Receive
 .text.HAL_PCD_EP_Transmit
                0x0000000008002e4a       0x94 ./Drivers/STM32F4xx_HAL_Driver/Src/stm32f4xx_hal_pcd.o
                0x0000000008002e4a                HAL_PCD_EP_Transmit
 .text.HAL_PCD_EP_SetStall
                0x0000000008002ede       0xc8 ./Drivers/STM32F4xx_HAL_Driver/Src/stm32f4xx_hal_pcd.o
                0x0000000008002ede                HAL_PCD_EP_SetStall
 .text.HAL_PCD_EP_ClrStall
                0x0000000008002fa6       0xac ./Drivers/STM32F4xx_HAL_Driver/Src/stm32f4xx_hal_pcd.o
                0x0000000008002fa6                HAL_PCD_EP_ClrStall
 .text.HAL_PCD_EP_Abort
                0x0000000008003052       0x62 ./Drivers/STM32F4xx_HAL_Driver/Src/stm32f4xx_hal_pcd.o
                0x0000000008003052                HAL_PCD_EP_Abort
 .text.PCD_WriteEmptyTxFifo
                0x00000000080030b4      0x11a ./Drivers/STM32F4xx_HAL_Driver/Src/stm32f4xx_hal_pcd.o
 *fill*         0x00000000080031ce        0x2 
 .text.PCD_EP_OutXfrComplete_int
                0x00000000080031d0      0x1d0 ./Drivers/STM32F4xx_HAL_Driver/Src/stm32f4xx_hal_pcd.o
 .text.PCD_EP_OutSetupPacket_int
                0x00000000080033a0       0x8c ./Drivers/STM32F4xx_HAL_Driver/Src/stm32f4xx_hal_pcd.o
 .text.HAL_PCDEx_SetTxFiFo
                0x000000000800342c       0x8e ./Drivers/STM32F4xx_HAL_Driver/Src/stm32f4xx_hal_pcd_ex.o
                0x000000000800342c                HAL_PCDEx_SetTxFiFo
 .text.HAL_PCDEx_SetRxFiFo
                0x00000000080034ba       0x22 ./Drivers/STM32F4xx_HAL_Driver/Src/stm32f4xx_hal_pcd_ex.o
                0x00000000080034ba                HAL_PCDEx_SetRxFiFo
 .text.HAL_PCDEx_LPM_Callback
                0x00000000080034dc       0x18 ./Drivers/STM32F4xx_HAL_Driver/Src/stm32f4xx_hal_pcd_ex.o
                0x00000000080034dc                HAL_PCDEx_LPM_Callback
 .text.HAL_RCC_OscConfig
                0x00000000080034f4      0x4f0 ./Drivers/STM32F4xx_HAL_Driver/Src/stm32f4xx_hal_rcc.o
                0x00000000080034f4                HAL_RCC_OscConfig
 .text.HAL_RCC_ClockConfig
                0x00000000080039e4      0x1cc ./Drivers/STM32F4xx_HAL_Driver/Src/stm32f4xx_hal_rcc.o
                0x00000000080039e4                HAL_RCC_ClockConfig
 .text.HAL_RCC_GetSysClockFreq
                0x0000000008003bb0      0x20c ./Drivers/STM32F4xx_HAL_Driver/Src/stm32f4xx_hal_rcc.o
                0x0000000008003bb0                HAL_RCC_GetSysClockFreq
 .text.HAL_RCC_GetHCLKFreq
                0x0000000008003dbc       0x18 ./Drivers/STM32F4xx_HAL_Driver/Src/stm32f4xx_hal_rcc.o
                0x0000000008003dbc                HAL_RCC_GetHCLKFreq
 .text.HAL_SPI_Init
                0x0000000008003dd4      0x112 ./Drivers/STM32F4xx_HAL_Driver/Src/stm32f4xx_hal_spi.o
                0x0000000008003dd4                HAL_SPI_Init
 .text.HAL_SPI_DeInit
                0x0000000008003ee6       0x50 ./Drivers/STM32F4xx_HAL_Driver/Src/stm32f4xx_hal_spi.o
                0x0000000008003ee6                HAL_SPI_DeInit
 .text.HAL_SPI_TransmitReceive
                0x0000000008003f36      0x344 ./Drivers/STM32F4xx_HAL_Driver/Src/stm32f4xx_hal_spi.o
                0x0000000008003f36                HAL_SPI_TransmitReceive
 .text.HAL_SPI_GetState
                0x000000000800427a       0x1c ./Drivers/STM32F4xx_HAL_Driver/Src/stm32f4xx_hal_spi.o
                0x000000000800427a                HAL_SPI_GetState
 *fill*         0x0000000008004296        0x2 
 .text.SPI_WaitFlagStateUntilTimeout
                0x0000000008004298      0x110 ./Drivers/STM32F4xx_HAL_Driver/Src/stm32f4xx_hal_spi.o
 .text.SPI_EndRxTxTransaction
                0x00000000080043a8       0x84 ./Drivers/STM32F4xx_HAL_Driver/Src/stm32f4xx_hal_spi.o
 .text.USB_CoreInit
                0x000000000800442c       0xc2 ./Drivers/STM32F4xx_HAL_Driver/Src/stm32f4xx_ll_usb.o
                0x000000000800442c                USB_CoreInit
 *fill*         0x00000000080044ee        0x2 
 .text.USB_SetTurnaroundTime
                0x00000000080044f0      0x144 ./Drivers/STM32F4xx_HAL_Driver/Src/stm32f4xx_ll_usb.o
                0x00000000080044f0                USB_SetTurnaroundTime
 .text.USB_EnableGlobalInt
                0x0000000008004634       0x22 ./Drivers/STM32F4xx_HAL_Driver/Src/stm32f4xx_ll_usb.o
                0x0000000008004634                USB_EnableGlobalInt
 .text.USB_DisableGlobalInt
                0x0000000008004656       0x22 ./Drivers/STM32F4xx_HAL_Driver/Src/stm32f4xx_ll_usb.o
                0x0000000008004656                USB_DisableGlobalInt
 .text.USB_SetCurrentMode
                0x0000000008004678       0x98 ./Drivers/STM32F4xx_HAL_Driver/Src/stm32f4xx_ll_usb.o
                0x0000000008004678                USB_SetCurrentMode
 .text.USB_DevInit
                0x0000000008004710      0x2c8 ./Drivers/STM32F4xx_HAL_Driver/Src/stm32f4xx_ll_usb.o
                0x0000000008004710                USB_DevInit
 .text.USB_FlushTxFifo
                0x00000000080049d8       0x68 ./Drivers/STM32F4xx_HAL_Driver/Src/stm32f4xx_ll_usb.o
                0x00000000080049d8                USB_FlushTxFifo
 .text.USB_FlushRxFifo
                0x0000000008004a40       0x60 ./Drivers/STM32F4xx_HAL_Driver/Src/stm32f4xx_ll_usb.o
                0x0000000008004a40                USB_FlushRxFifo
 .text.USB_SetDevSpeed
                0x0000000008004aa0       0x32 ./Drivers/STM32F4xx_HAL_Driver/Src/stm32f4xx_ll_usb.o
                0x0000000008004aa0                USB_SetDevSpeed
 .text.USB_GetDevSpeed
                0x0000000008004ad2       0x4a ./Drivers/STM32F4xx_HAL_Driver/Src/stm32f4xx_ll_usb.o
                0x0000000008004ad2                USB_GetDevSpeed
 .text.USB_ActivateEndpoint
                0x0000000008004b1c      0x10e ./Drivers/STM32F4xx_HAL_Driver/Src/stm32f4xx_ll_usb.o
                0x0000000008004b1c                USB_ActivateEndpoint
 *fill*         0x0000000008004c2a        0x2 
 .text.USB_DeactivateEndpoint
                0x0000000008004c2c      0x1b8 ./Drivers/STM32F4xx_HAL_Driver/Src/stm32f4xx_ll_usb.o
                0x0000000008004c2c                USB_DeactivateEndpoint
 .text.USB_EPStartXfer
                0x0000000008004de4      0x490 ./Drivers/STM32F4xx_HAL_Driver/Src/stm32f4xx_ll_usb.o
                0x0000000008004de4                USB_EPStartXfer
 .text.USB_EP0StartXfer
                0x0000000008005274      0x2b0 ./Drivers/STM32F4xx_HAL_Driver/Src/stm32f4xx_ll_usb.o
                0x0000000008005274                USB_EP0StartXfer
 .text.USB_EPStopXfer
                0x0000000008005524      0x154 ./Drivers/STM32F4xx_HAL_Driver/Src/stm32f4xx_ll_usb.o
                0x0000000008005524                USB_EPStopXfer
 .text.USB_WritePacket
                0x0000000008005678       0x7c ./Drivers/STM32F4xx_HAL_Driver/Src/stm32f4xx_ll_usb.o
                0x0000000008005678                USB_WritePacket
 .text.USB_ReadPacket
                0x00000000080056f4       0xb0 ./Drivers/STM32F4xx_HAL_Driver/Src/stm32f4xx_ll_usb.o
                0x00000000080056f4                USB_ReadPacket
 .text.USB_EPSetStall
                0x00000000080057a4       0xdc ./Drivers/STM32F4xx_HAL_Driver/Src/stm32f4xx_ll_usb.o
                0x00000000080057a4                USB_EPSetStall
 .text.USB_EPClearStall
                0x0000000008005880       0xcc ./Drivers/STM32F4xx_HAL_Driver/Src/stm32f4xx_ll_usb.o
                0x0000000008005880                USB_EPClearStall
 .text.USB_SetDevAddress
                0x000000000800594c       0x4c ./Drivers/STM32F4xx_HAL_Driver/Src/stm32f4xx_ll_usb.o
                0x000000000800594c                USB_SetDevAddress
 .text.USB_DevConnect
                0x0000000008005998       0x42 ./Drivers/STM32F4xx_HAL_Driver/Src/stm32f4xx_ll_usb.o
                0x0000000008005998                USB_DevConnect
 .text.USB_DevDisconnect
                0x00000000080059da       0x42 ./Drivers/STM32F4xx_HAL_Driver/Src/stm32f4xx_ll_usb.o
                0x00000000080059da                USB_DevDisconnect
 .text.USB_ReadInterrupts
                0x0000000008005a1c       0x26 ./Drivers/STM32F4xx_HAL_Driver/Src/stm32f4xx_ll_usb.o
                0x0000000008005a1c                USB_ReadInterrupts
 .text.USB_ReadDevAllOutEpInterrupt
                0x0000000008005a42       0x34 ./Drivers/STM32F4xx_HAL_Driver/Src/stm32f4xx_ll_usb.o
                0x0000000008005a42                USB_ReadDevAllOutEpInterrupt
 .text.USB_ReadDevAllInEpInterrupt
                0x0000000008005a76       0x34 ./Drivers/STM32F4xx_HAL_Driver/Src/stm32f4xx_ll_usb.o
                0x0000000008005a76                USB_ReadDevAllInEpInterrupt
 .text.USB_ReadDevOutEPInterrupt
                0x0000000008005aaa       0x3c ./Drivers/STM32F4xx_HAL_Driver/Src/stm32f4xx_ll_usb.o
                0x0000000008005aaa                USB_ReadDevOutEPInterrupt
 .text.USB_ReadDevInEPInterrupt
                0x0000000008005ae6       0x5c ./Drivers/STM32F4xx_HAL_Driver/Src/stm32f4xx_ll_usb.o
                0x0000000008005ae6                USB_ReadDevInEPInterrupt
 .text.USB_GetMode
                0x0000000008005b42       0x1c ./Drivers/STM32F4xx_HAL_Driver/Src/stm32f4xx_ll_usb.o
                0x0000000008005b42                USB_GetMode
 .text.USB_ActivateSetup
                0x0000000008005b5e       0x46 ./Drivers/STM32F4xx_HAL_Driver/Src/stm32f4xx_ll_usb.o
                0x0000000008005b5e                USB_ActivateSetup
 .text.USB_EP0_OutStart
                0x0000000008005ba4       0xbc ./Drivers/STM32F4xx_HAL_Driver/Src/stm32f4xx_ll_usb.o
                0x0000000008005ba4                USB_EP0_OutStart
 .text.USB_CoreReset
                0x0000000008005c60       0x68 ./Drivers/STM32F4xx_HAL_Driver/Src/stm32f4xx_ll_usb.o
 .text.USBD_HID_Init
                0x0000000008005cc8       0xcc ./Middlewares/ST/STM32_USB_Device_Library/Class/HID/Src/usbd_hid.o
 .text.USBD_HID_DeInit
                0x0000000008005d94       0x90 ./Middlewares/ST/STM32_USB_Device_Library/Class/HID/Src/usbd_hid.o
 .text.USBD_HID_Setup
                0x0000000008005e24      0x210 ./Middlewares/ST/STM32_USB_Device_Library/Class/HID/Src/usbd_hid.o
 .text.USBD_HID_SendReport
                0x0000000008006034       0x60 ./Middlewares/ST/STM32_USB_Device_Library/Class/HID/Src/usbd_hid.o
                0x0000000008006034                USBD_HID_SendReport
 .text.USBD_HID_GetFSCfgDesc
                0x0000000008006094       0x34 ./Middlewares/ST/STM32_USB_Device_Library/Class/HID/Src/usbd_hid.o
 .text.USBD_HID_GetHSCfgDesc
                0x00000000080060c8       0x34 ./Middlewares/ST/STM32_USB_Device_Library/Class/HID/Src/usbd_hid.o
 .text.USBD_HID_GetOtherSpeedCfgDesc
                0x00000000080060fc       0x34 ./Middlewares/ST/STM32_USB_Device_Library/Class/HID/Src/usbd_hid.o
 .text.USBD_HID_DataIn
                0x0000000008006130       0x2c ./Middlewares/ST/STM32_USB_Device_Library/Class/HID/Src/usbd_hid.o
 .text.USBD_HID_GetDeviceQualifierDesc
                0x000000000800615c       0x20 ./Middlewares/ST/STM32_USB_Device_Library/Class/HID/Src/usbd_hid.o
 .text.USBD_Init
                0x000000000800617c       0x60 ./Middlewares/ST/STM32_USB_Device_Library/Core/Src/usbd_core.o
                0x000000000800617c                USBD_Init
 .text.USBD_RegisterClass
                0x00000000080061dc       0x6c ./Middlewares/ST/STM32_USB_Device_Library/Core/Src/usbd_core.o
                0x00000000080061dc                USBD_RegisterClass
 .text.USBD_Start
                0x0000000008006248       0x18 ./Middlewares/ST/STM32_USB_Device_Library/Core/Src/usbd_core.o
                0x0000000008006248                USBD_Start
 .text.USBD_RunTestMode
                0x0000000008006260       0x16 ./Middlewares/ST/STM32_USB_Device_Library/Core/Src/usbd_core.o
                0x0000000008006260                USBD_RunTestMode
 .text.USBD_SetClassConfig
                0x0000000008006276       0x38 ./Middlewares/ST/STM32_USB_Device_Library/Core/Src/usbd_core.o
                0x0000000008006276                USBD_SetClassConfig
 .text.USBD_ClrClassConfig
                0x00000000080062ae       0x34 ./Middlewares/ST/STM32_USB_Device_Library/Core/Src/usbd_core.o
                0x00000000080062ae                USBD_ClrClassConfig
 .text.USBD_LL_SetupStage
                0x00000000080062e2       0xaa ./Middlewares/ST/STM32_USB_Device_Library/Core/Src/usbd_core.o
                0x00000000080062e2                USBD_LL_SetupStage
 .text.USBD_LL_DataOutStage
                0x000000000800638c      0x166 ./Middlewares/ST/STM32_USB_Device_Library/Core/Src/usbd_core.o
                0x000000000800638c                USBD_LL_DataOutStage
 .text.USBD_LL_DataInStage
                0x00000000080064f2      0x164 ./Middlewares/ST/STM32_USB_Device_Library/Core/Src/usbd_core.o
                0x00000000080064f2                USBD_LL_DataInStage
 .text.USBD_LL_Reset
                0x0000000008006656       0xa4 ./Middlewares/ST/STM32_USB_Device_Library/Core/Src/usbd_core.o
                0x0000000008006656                USBD_LL_Reset
 .text.USBD_LL_SetSpeed
                0x00000000080066fa       0x20 ./Middlewares/ST/STM32_USB_Device_Library/Core/Src/usbd_core.o
                0x00000000080066fa                USBD_LL_SetSpeed
 .text.USBD_LL_Suspend
                0x000000000800671a       0x2c ./Middlewares/ST/STM32_USB_Device_Library/Core/Src/usbd_core.o
                0x000000000800671a                USBD_LL_Suspend
 .text.USBD_LL_Resume
                0x0000000008006746       0x30 ./Middlewares/ST/STM32_USB_Device_Library/Core/Src/usbd_core.o
                0x0000000008006746                USBD_LL_Resume
 .text.USBD_LL_SOF
                0x0000000008006776       0x40 ./Middlewares/ST/STM32_USB_Device_Library/Core/Src/usbd_core.o
                0x0000000008006776                USBD_LL_SOF
 .text.USBD_LL_IsoINIncomplete
                0x00000000080067b6       0x64 ./Middlewares/ST/STM32_USB_Device_Library/Core/Src/usbd_core.o
                0x00000000080067b6                USBD_LL_IsoINIncomplete
 .text.USBD_LL_IsoOUTIncomplete
                0x000000000800681a       0x64 ./Middlewares/ST/STM32_USB_Device_Library/Core/Src/usbd_core.o
                0x000000000800681a                USBD_LL_IsoOUTIncomplete
 .text.USBD_LL_DevConnected
                0x000000000800687e       0x16 ./Middlewares/ST/STM32_USB_Device_Library/Core/Src/usbd_core.o
                0x000000000800687e                USBD_LL_DevConnected
 .text.USBD_LL_DevDisconnected
                0x0000000008006894       0x46 ./Middlewares/ST/STM32_USB_Device_Library/Core/Src/usbd_core.o
                0x0000000008006894                USBD_LL_DevDisconnected
 .text.USBD_CoreFindIF
                0x00000000080068da       0x1a ./Middlewares/ST/STM32_USB_Device_Library/Core/Src/usbd_core.o
                0x00000000080068da                USBD_CoreFindIF
 .text.USBD_CoreFindEP
                0x00000000080068f4       0x1a ./Middlewares/ST/STM32_USB_Device_Library/Core/Src/usbd_core.o
                0x00000000080068f4                USBD_CoreFindEP
 .text.USBD_GetEpDesc
                0x000000000800690e       0x74 ./Middlewares/ST/STM32_USB_Device_Library/Core/Src/usbd_core.o
                0x000000000800690e                USBD_GetEpDesc
 .text.USBD_GetNextDesc
                0x0000000008006982       0x3a ./Middlewares/ST/STM32_USB_Device_Library/Core/Src/usbd_core.o
                0x0000000008006982                USBD_GetNextDesc
 .text.SWAPBYTE
                0x00000000080069bc       0x3c ./Middlewares/ST/STM32_USB_Device_Library/Core/Src/usbd_ctlreq.o
 .text.USBD_StdDevReq
                0x00000000080069f8       0xe4 ./Middlewares/ST/STM32_USB_Device_Library/Core/Src/usbd_ctlreq.o
                0x00000000080069f8                USBD_StdDevReq
 .text.USBD_StdItfReq
                0x0000000008006adc       0xd8 ./Middlewares/ST/STM32_USB_Device_Library/Core/Src/usbd_ctlreq.o
                0x0000000008006adc                USBD_StdItfReq
 .text.USBD_StdEPReq
                0x0000000008006bb4      0x33a ./Middlewares/ST/STM32_USB_Device_Library/Core/Src/usbd_ctlreq.o
                0x0000000008006bb4                USBD_StdEPReq
 *fill*         0x0000000008006eee        0x2 
 .text.USBD_GetDescriptor
                0x0000000008006ef0      0x2d4 ./Middlewares/ST/STM32_USB_Device_Library/Core/Src/usbd_ctlreq.o
 .text.USBD_SetAddress
                0x00000000080071c4       0x88 ./Middlewares/ST/STM32_USB_Device_Library/Core/Src/usbd_ctlreq.o
 .text.USBD_SetConfig
                0x000000000800724c      0x154 ./Middlewares/ST/STM32_USB_Device_Library/Core/Src/usbd_ctlreq.o
 .text.USBD_GetConfig
                0x00000000080073a0       0x6c ./Middlewares/ST/STM32_USB_Device_Library/Core/Src/usbd_ctlreq.o
 .text.USBD_GetStatus
                0x000000000800740c       0x68 ./Middlewares/ST/STM32_USB_Device_Library/Core/Src/usbd_ctlreq.o
 .text.USBD_SetFeature
                0x0000000008007474       0x52 ./Middlewares/ST/STM32_USB_Device_Library/Core/Src/usbd_ctlreq.o
 .text.USBD_ClrFeature
                0x00000000080074c6       0x44 ./Middlewares/ST/STM32_USB_Device_Library/Core/Src/usbd_ctlreq.o
 .text.USBD_ParseSetupRequest
                0x000000000800750a       0x74 ./Middlewares/ST/STM32_USB_Device_Library/Core/Src/usbd_ctlreq.o
                0x000000000800750a                USBD_ParseSetupRequest
 .text.USBD_CtlError
                0x000000000800757e       0x22 ./Middlewares/ST/STM32_USB_Device_Library/Core/Src/usbd_ctlreq.o
                0x000000000800757e                USBD_CtlError
 .text.USBD_GetString
                0x00000000080075a0       0x8c ./Middlewares/ST/STM32_USB_Device_Library/Core/Src/usbd_ctlreq.o
                0x00000000080075a0                USBD_GetString
 .text.USBD_GetLen
                0x000000000800762c       0x34 ./Middlewares/ST/STM32_USB_Device_Library/Core/Src/usbd_ctlreq.o
 .text.USBD_CtlSendData
                0x0000000008007660       0x36 ./Middlewares/ST/STM32_USB_Device_Library/Core/Src/usbd_ioreq.o
                0x0000000008007660                USBD_CtlSendData
 .text.USBD_CtlContinueSendData
                0x0000000008007696       0x22 ./Middlewares/ST/STM32_USB_Device_Library/Core/Src/usbd_ioreq.o
                0x0000000008007696                USBD_CtlContinueSendData
 .text.USBD_CtlContinueRx
                0x00000000080076b8       0x22 ./Middlewares/ST/STM32_USB_Device_Library/Core/Src/usbd_ioreq.o
                0x00000000080076b8                USBD_CtlContinueRx
 .text.USBD_CtlSendStatus
                0x00000000080076da       0x26 ./Middlewares/ST/STM32_USB_Device_Library/Core/Src/usbd_ioreq.o
                0x00000000080076da                USBD_CtlSendStatus
 .text.USBD_CtlReceiveStatus
                0x0000000008007700       0x26 ./Middlewares/ST/STM32_USB_Device_Library/Core/Src/usbd_ioreq.o
                0x0000000008007700                USBD_CtlReceiveStatus
 *fill*         0x0000000008007726        0x2 
 .text.MX_USB_DEVICE_Init
                0x0000000008007728       0x4c ./USB_DEVICE/App/usb_device.o
                0x0000000008007728                MX_USB_DEVICE_Init
 .text.USBD_FS_DeviceDescriptor
                0x0000000008007774       0x24 ./USB_DEVICE/App/usbd_desc.o
                0x0000000008007774                USBD_FS_DeviceDescriptor
 .text.USBD_FS_LangIDStrDescriptor
                0x0000000008007798       0x24 ./USB_DEVICE/App/usbd_desc.o
                0x0000000008007798                USBD_FS_LangIDStrDescriptor
 .text.USBD_FS_ProductStrDescriptor
                0x00000000080077bc       0x3c ./USB_DEVICE/App/usbd_desc.o
                0x00000000080077bc                USBD_FS_ProductStrDescriptor
 .text.USBD_FS_ManufacturerStrDescriptor
                0x00000000080077f8       0x28 ./USB_DEVICE/App/usbd_desc.o
                0x00000000080077f8                USBD_FS_ManufacturerStrDescriptor
 .text.USBD_FS_SerialStrDescriptor
                0x0000000008007820       0x24 ./USB_DEVICE/App/usbd_desc.o
                0x0000000008007820                USBD_FS_SerialStrDescriptor
 .text.USBD_FS_ConfigStrDescriptor
                0x0000000008007844       0x3c ./USB_DEVICE/App/usbd_desc.o
                0x0000000008007844                USBD_FS_ConfigStrDescriptor
 .text.USBD_FS_InterfaceStrDescriptor
                0x0000000008007880       0x3c ./USB_DEVICE/App/usbd_desc.o
                0x0000000008007880                USBD_FS_InterfaceStrDescriptor
 .text.Get_SerialNum
                0x00000000080078bc       0x58 ./USB_DEVICE/App/usbd_desc.o
 .text.IntToUnicode
                0x0000000008007914       0x7e ./USB_DEVICE/App/usbd_desc.o
 *fill*         0x0000000008007992        0x2 
 .text.HAL_PCD_MspInit
                0x0000000008007994      0x14c ./USB_DEVICE/Target/usbd_conf.o
                0x0000000008007994                HAL_PCD_MspInit
 .text.HAL_PCD_SetupStageCallback
                0x0000000008007ae0       0x24 ./USB_DEVICE/Target/usbd_conf.o
                0x0000000008007ae0                HAL_PCD_SetupStageCallback
 .text.HAL_PCD_DataOutStageCallback
                0x0000000008007b04       0x36 ./USB_DEVICE/Target/usbd_conf.o
                0x0000000008007b04                HAL_PCD_DataOutStageCallback
 .text.HAL_PCD_DataInStageCallback
                0x0000000008007b3a       0x34 ./USB_DEVICE/Target/usbd_conf.o
                0x0000000008007b3a                HAL_PCD_DataInStageCallback
 .text.HAL_PCD_SOFCallback
                0x0000000008007b6e       0x1c ./USB_DEVICE/Target/usbd_conf.o
                0x0000000008007b6e                HAL_PCD_SOFCallback
 .text.HAL_PCD_ResetCallback
                0x0000000008007b8a       0x50 ./USB_DEVICE/Target/usbd_conf.o
                0x0000000008007b8a                HAL_PCD_ResetCallback
 *fill*         0x0000000008007bda        0x2 
 .text.HAL_PCD_SuspendCallback
                0x0000000008007bdc       0x4c ./USB_DEVICE/Target/usbd_conf.o
                0x0000000008007bdc                HAL_PCD_SuspendCallback
 .text.HAL_PCD_ResumeCallback
                0x0000000008007c28       0x1c ./USB_DEVICE/Target/usbd_conf.o
                0x0000000008007c28                HAL_PCD_ResumeCallback
 .text.HAL_PCD_ISOOUTIncompleteCallback
                0x0000000008007c44       0x24 ./USB_DEVICE/Target/usbd_conf.o
                0x0000000008007c44                HAL_PCD_ISOOUTIncompleteCallback
 .text.HAL_PCD_ISOINIncompleteCallback
                0x0000000008007c68       0x24 ./USB_DEVICE/Target/usbd_conf.o
                0x0000000008007c68                HAL_PCD_ISOINIncompleteCallback
 .text.HAL_PCD_ConnectCallback
                0x0000000008007c8c       0x1c ./USB_DEVICE/Target/usbd_conf.o
                0x0000000008007c8c                HAL_PCD_ConnectCallback
 .text.HAL_PCD_DisconnectCallback
                0x0000000008007ca8       0x1c ./USB_DEVICE/Target/usbd_conf.o
                0x0000000008007ca8                HAL_PCD_DisconnectCallback
 .text.USBD_LL_Init
                0x0000000008007cc4       0x98 ./USB_DEVICE/Target/usbd_conf.o
                0x0000000008007cc4                USBD_LL_Init
 .text.USBD_LL_Start
                0x0000000008007d5c       0x36 ./USB_DEVICE/Target/usbd_conf.o
                0x0000000008007d5c                USBD_LL_Start
 .text.USBD_LL_OpenEP
                0x0000000008007d92       0x4c ./USB_DEVICE/Target/usbd_conf.o
                0x0000000008007d92                USBD_LL_OpenEP
 .text.USBD_LL_CloseEP
                0x0000000008007dde       0x3e ./USB_DEVICE/Target/usbd_conf.o
                0x0000000008007dde                USBD_LL_CloseEP
 .text.USBD_LL_StallEP
                0x0000000008007e1c       0x3e ./USB_DEVICE/Target/usbd_conf.o
                0x0000000008007e1c                USBD_LL_StallEP
 .text.USBD_LL_ClearStallEP
                0x0000000008007e5a       0x3e ./USB_DEVICE/Target/usbd_conf.o
                0x0000000008007e5a                USBD_LL_ClearStallEP
 .text.USBD_LL_IsStallEP
                0x0000000008007e98       0x58 ./USB_DEVICE/Target/usbd_conf.o
                0x0000000008007e98                USBD_LL_IsStallEP
 .text.USBD_LL_SetUSBAddress
                0x0000000008007ef0       0x3e ./USB_DEVICE/Target/usbd_conf.o
                0x0000000008007ef0                USBD_LL_SetUSBAddress
 .text.USBD_LL_Transmit
                0x0000000008007f2e       0x42 ./USB_DEVICE/Target/usbd_conf.o
                0x0000000008007f2e                USBD_LL_Transmit
 .text.USBD_LL_PrepareReceive
                0x0000000008007f70       0x42 ./USB_DEVICE/Target/usbd_conf.o
                0x0000000008007f70                USBD_LL_PrepareReceive
 *fill*         0x0000000008007fb2        0x2 
 .text.USBD_static_malloc
                0x0000000008007fb4       0x1c ./USB_DEVICE/Target/usbd_conf.o
                0x0000000008007fb4                USBD_static_malloc
 .text.USBD_static_free
                0x0000000008007fd0       0x14 ./USB_DEVICE/Target/usbd_conf.o
                0x0000000008007fd0                USBD_static_free
 .text.USBD_Get_USB_Status
                0x0000000008007fe4       0x58 ./USB_DEVICE/Target/usbd_conf.o
                0x0000000008007fe4                USBD_Get_USB_Status
 .text.__libc_init_array
                0x000000000800803c       0x48 c:/st/stm32cubeide_1.12.0/stm32cubeide/plugins/com.st.stm32cube.ide.mcu.externaltools.gnu-tools-for-stm32.10.3-2021.10.win32_1.0.200.202301161003/tools/bin/../lib/gcc/arm-none-eabi/10.3.1/../../../../arm-none-eabi/lib/thumb/v7e-m+fp/hard\libc_nano.a(lib_a-init.o)
                0x000000000800803c                __libc_init_array
 .text.memset   0x0000000008008084       0x10 c:/st/stm32cubeide_1.12.0/stm32cubeide/plugins/com.st.stm32cube.ide.mcu.externaltools.gnu-tools-for-stm32.10.3-2021.10.win32_1.0.200.202301161003/tools/bin/../lib/gcc/arm-none-eabi/10.3.1/../../../../arm-none-eabi/lib/thumb/v7e-m+fp/hard\libc_nano.a(lib_a-memset.o)
                0x0000000008008084                memset
 *(.glue_7)
 .glue_7        0x0000000008008094        0x0 linker stubs
 *(.glue_7t)
 .glue_7t       0x0000000008008094        0x0 linker stubs
 *(.eh_frame)
 .eh_frame      0x0000000008008094        0x0 c:/st/stm32cubeide_1.12.0/stm32cubeide/plugins/com.st.stm32cube.ide.mcu.externaltools.gnu-tools-for-stm32.10.3-2021.10.win32_1.0.200.202301161003/tools/bin/../lib/gcc/arm-none-eabi/10.3.1/thumb/v7e-m+fp/hard/crtbegin.o
 *(.init)
 .init          0x0000000008008094        0x4 c:/st/stm32cubeide_1.12.0/stm32cubeide/plugins/com.st.stm32cube.ide.mcu.externaltools.gnu-tools-for-stm32.10.3-2021.10.win32_1.0.200.202301161003/tools/bin/../lib/gcc/arm-none-eabi/10.3.1/thumb/v7e-m+fp/hard/crti.o
                0x0000000008008094                _init
 .init          0x0000000008008098        0x8 c:/st/stm32cubeide_1.12.0/stm32cubeide/plugins/com.st.stm32cube.ide.mcu.externaltools.gnu-tools-for-stm32.10.3-2021.10.win32_1.0.200.202301161003/tools/bin/../lib/gcc/arm-none-eabi/10.3.1/thumb/v7e-m+fp/hard/crtn.o
 *(.fini)
 .fini          0x00000000080080a0        0x4 c:/st/stm32cubeide_1.12.0/stm32cubeide/plugins/com.st.stm32cube.ide.mcu.externaltools.gnu-tools-for-stm32.10.3-2021.10.win32_1.0.200.202301161003/tools/bin/../lib/gcc/arm-none-eabi/10.3.1/thumb/v7e-m+fp/hard/crti.o
                0x00000000080080a0                _fini
 .fini          0x00000000080080a4        0x8 c:/st/stm32cubeide_1.12.0/stm32cubeide/plugins/com.st.stm32cube.ide.mcu.externaltools.gnu-tools-for-stm32.10.3-2021.10.win32_1.0.200.202301161003/tools/bin/../lib/gcc/arm-none-eabi/10.3.1/thumb/v7e-m+fp/hard/crtn.o
                0x00000000080080ac                . = ALIGN (0x4)
                0x00000000080080ac                _etext = .

.vfp11_veneer   0x00000000080080ac        0x0
 .vfp11_veneer  0x00000000080080ac        0x0 linker stubs

.v4_bx          0x00000000080080ac        0x0
 .v4_bx         0x00000000080080ac        0x0 linker stubs

.iplt           0x00000000080080ac        0x0
 .iplt          0x00000000080080ac        0x0 c:/st/stm32cubeide_1.12.0/stm32cubeide/plugins/com.st.stm32cube.ide.mcu.externaltools.gnu-tools-for-stm32.10.3-2021.10.win32_1.0.200.202301161003/tools/bin/../lib/gcc/arm-none-eabi/10.3.1/thumb/v7e-m+fp/hard/crtbegin.o

.rodata         0x00000000080080ac       0x4c
                0x00000000080080ac                . = ALIGN (0x4)
 *(.rodata)
 .rodata        0x00000000080080ac       0x3a ./USB_DEVICE/App/usbd_desc.o
 *(.rodata*)
 *fill*         0x00000000080080e6        0x2 
 .rodata.AHBPrescTable
                0x00000000080080e8       0x10 ./Core/Src/system_stm32f4xx.o
                0x00000000080080e8                AHBPrescTable
                0x00000000080080f8                . = ALIGN (0x4)

.ARM.extab      0x00000000080080f8        0x0
                0x00000000080080f8                . = ALIGN (0x4)
 *(.ARM.extab* .gnu.linkonce.armextab.*)
                0x00000000080080f8                . = ALIGN (0x4)

.ARM            0x00000000080080f8        0x8
                0x00000000080080f8                . = ALIGN (0x4)
                0x00000000080080f8                __exidx_start = .
 *(.ARM.exidx*)
 .ARM.exidx     0x00000000080080f8        0x8 c:/st/stm32cubeide_1.12.0/stm32cubeide/plugins/com.st.stm32cube.ide.mcu.externaltools.gnu-tools-for-stm32.10.3-2021.10.win32_1.0.200.202301161003/tools/bin/../lib/gcc/arm-none-eabi/10.3.1/thumb/v7e-m+fp/hard\libgcc.a(_udivmoddi4.o)
                0x0000000008008100                __exidx_end = .
                0x0000000008008100                . = ALIGN (0x4)

.rel.dyn        0x0000000008008100        0x0
 .rel.iplt      0x0000000008008100        0x0 c:/st/stm32cubeide_1.12.0/stm32cubeide/plugins/com.st.stm32cube.ide.mcu.externaltools.gnu-tools-for-stm32.10.3-2021.10.win32_1.0.200.202301161003/tools/bin/../lib/gcc/arm-none-eabi/10.3.1/thumb/v7e-m+fp/hard/crtbegin.o

.preinit_array  0x0000000008008100        0x0
                0x0000000008008100                . = ALIGN (0x4)
                0x0000000008008100                PROVIDE (__preinit_array_start = .)
 *(.preinit_array*)
                0x0000000008008100                PROVIDE (__preinit_array_end = .)
                0x0000000008008100                . = ALIGN (0x4)

.init_array     0x0000000008008100        0x4
                0x0000000008008100                . = ALIGN (0x4)
                0x0000000008008100                PROVIDE (__init_array_start = .)
 *(SORT_BY_NAME(.init_array.*))
 *(.init_array*)
 .init_array    0x0000000008008100        0x4 c:/st/stm32cubeide_1.12.0/stm32cubeide/plugins/com.st.stm32cube.ide.mcu.externaltools.gnu-tools-for-stm32.10.3-2021.10.win32_1.0.200.202301161003/tools/bin/../lib/gcc/arm-none-eabi/10.3.1/thumb/v7e-m+fp/hard/crtbegin.o
                0x0000000008008104                PROVIDE (__init_array_end = .)
                0x0000000008008104                . = ALIGN (0x4)

.fini_array     0x0000000008008104        0x4
                0x0000000008008104                . = ALIGN (0x4)
                [!provide]                        PROVIDE (__fini_array_start = .)
 *(SORT_BY_NAME(.fini_array.*))
 *(.fini_array*)
 .fini_array    0x0000000008008104        0x4 c:/st/stm32cubeide_1.12.0/stm32cubeide/plugins/com.st.stm32cube.ide.mcu.externaltools.gnu-tools-for-stm32.10.3-2021.10.win32_1.0.200.202301161003/tools/bin/../lib/gcc/arm-none-eabi/10.3.1/thumb/v7e-m+fp/hard/crtbegin.o
                [!provide]                        PROVIDE (__fini_array_end = .)
                0x0000000008008108                . = ALIGN (0x4)
                0x0000000008008108                _sidata = LOADADDR (.data)

.data           0x0000000020000000      0x190 load address 0x0000000008008108
                0x0000000020000000                . = ALIGN (0x4)
                0x0000000020000000                _sdata = .
 *(.data)
 *(.data*)
 .data.Lis302dlDrv
                0x0000000020000000       0x34 ./Core/Src/lis302dl.o
                0x0000000020000000                Lis302dlDrv
 .data.Lis3dshDrv
                0x0000000020000034       0x34 ./Core/Src/lis3dsh.o
                0x0000000020000034                Lis3dshDrv
 .data.min_xval
                0x0000000020000068        0x2 ./Core/Src/main.o
                0x0000000020000068                min_xval
 .data.max_xval
                0x000000002000006a        0x2 ./Core/Src/main.o
                0x000000002000006a                max_xval
 .data.min_yval
                0x000000002000006c        0x2 ./Core/Src/main.o
                0x000000002000006c                min_yval
 .data.max_yval
                0x000000002000006e        0x2 ./Core/Src/main.o
                0x000000002000006e                max_yval
 .data.SpixTimeout
                0x0000000020000070        0x4 ./Core/Src/stm32f4_discovery.o
                0x0000000020000070                SpixTimeout
 .data.SystemCoreClock
                0x0000000020000074        0x4 ./Core/Src/system_stm32f4xx.o
                0x0000000020000074                SystemCoreClock
 .data.uwTickPrio
                0x0000000020000078        0x4 ./Drivers/STM32F4xx_HAL_Driver/Src/stm32f4xx_hal.o
                0x0000000020000078                uwTickPrio
 .data.uwTickFreq
                0x000000002000007c        0x1 ./Drivers/STM32F4xx_HAL_Driver/Src/stm32f4xx_hal.o
                0x000000002000007c                uwTickFreq
 *fill*         0x000000002000007d        0x3 
 .data.USBD_HID
                0x0000000020000080       0x38 ./Middlewares/ST/STM32_USB_Device_Library/Class/HID/Src/usbd_hid.o
                0x0000000020000080                USBD_HID
 .data.USBD_HID_CfgDesc
                0x00000000200000b8       0x22 ./Middlewares/ST/STM32_USB_Device_Library/Class/HID/Src/usbd_hid.o
 *fill*         0x00000000200000da        0x2 
 .data.USBD_HID_Desc
                0x00000000200000dc        0x9 ./Middlewares/ST/STM32_USB_Device_Library/Class/HID/Src/usbd_hid.o
 *fill*         0x00000000200000e5        0x3 
 .data.USBD_HID_DeviceQualifierDesc
                0x00000000200000e8        0xa ./Middlewares/ST/STM32_USB_Device_Library/Class/HID/Src/usbd_hid.o
 *fill*         0x00000000200000f2        0x2 
 .data.HID_MOUSE_ReportDesc
                0x00000000200000f4       0x4a ./Middlewares/ST/STM32_USB_Device_Library/Class/HID/Src/usbd_hid.o
 .data.HIDInEpAdd
                0x000000002000013e        0x1 ./Middlewares/ST/STM32_USB_Device_Library/Class/HID/Src/usbd_hid.o
 *fill*         0x000000002000013f        0x1 
 .data.FS_Desc  0x0000000020000140       0x1c ./USB_DEVICE/App/usbd_desc.o
                0x0000000020000140                FS_Desc
 .data.USBD_FS_DeviceDesc
                0x000000002000015c       0x12 ./USB_DEVICE/App/usbd_desc.o
                0x000000002000015c                USBD_FS_DeviceDesc
 *fill*         0x000000002000016e        0x2 
 .data.USBD_LangIDDesc
                0x0000000020000170        0x4 ./USB_DEVICE/App/usbd_desc.o
                0x0000000020000170                USBD_LangIDDesc
 .data.USBD_StringSerial
                0x0000000020000174       0x1a ./USB_DEVICE/App/usbd_desc.o
                0x0000000020000174                USBD_StringSerial
 *(.RamFunc)
 *(.RamFunc*)
                0x0000000020000190                . = ALIGN (0x4)
 *fill*         0x000000002000018e        0x2 
                0x0000000020000190                _edata = .
                0x0000000008008298                _siccmram = LOADADDR (.ccmram)

.igot.plt       0x0000000020000190        0x0 load address 0x0000000008008298
 .igot.plt      0x0000000020000190        0x0 c:/st/stm32cubeide_1.12.0/stm32cubeide/plugins/com.st.stm32cube.ide.mcu.externaltools.gnu-tools-for-stm32.10.3-2021.10.win32_1.0.200.202301161003/tools/bin/../lib/gcc/arm-none-eabi/10.3.1/thumb/v7e-m+fp/hard/crtbegin.o

.ccmram         0x0000000010000000        0x0 load address 0x0000000008008298
                0x0000000010000000                . = ALIGN (0x4)
                0x0000000010000000                _sccmram = .
 *(.ccmram)
 *(.ccmram*)
                0x0000000010000000                . = ALIGN (0x4)
                0x0000000010000000                _eccmram = .
                0x0000000010000000                . = ALIGN (0x4)

.bss            0x0000000020000190      0xff8
                0x0000000020000190                _sbss = .
                0x0000000020000190                __bss_start__ = _sbss
 *(.bss)
 .bss           0x0000000020000190       0x1c c:/st/stm32cubeide_1.12.0/stm32cubeide/plugins/com.st.stm32cube.ide.mcu.externaltools.gnu-tools-for-stm32.10.3-2021.10.win32_1.0.200.202301161003/tools/bin/../lib/gcc/arm-none-eabi/10.3.1/thumb/v7e-m+fp/hard/crtbegin.o
 *(.bss*)
 .bss.mousehid  0x00000000200001ac        0x4 ./Core/Src/main.o
                0x00000000200001ac                mousehid
 .bss.x         0x00000000200001b0        0x2 ./Core/Src/main.o
                0x00000000200001b0                x
 .bss.y         0x00000000200001b2        0x2 ./Core/Src/main.o
                0x00000000200001b2                y
 .bss.z         0x00000000200001b4        0x2 ./Core/Src/main.o
                0x00000000200001b4                z
 .bss.newxval   0x00000000200001b6        0x2 ./Core/Src/main.o
                0x00000000200001b6                newxval
 .bss.newyval   0x00000000200001b8        0x2 ./Core/Src/main.o
                0x00000000200001b8                newyval
 .bss.button_flag
                0x00000000200001ba        0x1 ./Core/Src/main.o
                0x00000000200001ba                button_flag
 *fill*         0x00000000200001bb        0x1 
 .bss.hspi1     0x00000000200001bc       0x58 ./Core/Src/main.o
                0x00000000200001bc                hspi1
 .bss.hpcd_USB_OTG_HS
                0x0000000020000214      0x50c ./Core/Src/main.o
                0x0000000020000214                hpcd_USB_OTG_HS
 .bss.pDataXYZ  0x0000000020000720        0x6 ./Core/Src/main.o
                0x0000000020000720                pDataXYZ
 *fill*         0x0000000020000726        0x2 
 .bss.SpiHandle
                0x0000000020000728       0x58 ./Core/Src/stm32f4_discovery.o
 .bss.AcceleroDrv
                0x0000000020000780        0x4 ./Core/Src/stm32f4_discovery_accelerometer.o
 .bss.uwTick    0x0000000020000784        0x4 ./Drivers/STM32F4xx_HAL_Driver/Src/stm32f4xx_hal.o
                0x0000000020000784                uwTick
 .bss.cfgidx.0  0x0000000020000788        0x1 ./Middlewares/ST/STM32_USB_Device_Library/Core/Src/usbd_ctlreq.o
 *fill*         0x0000000020000789        0x3 
 .bss.hUsbDeviceFS
                0x000000002000078c      0x2dc ./USB_DEVICE/App/usb_device.o
                0x000000002000078c                hUsbDeviceFS
 .bss.USBD_StrDesc
                0x0000000020000a68      0x200 ./USB_DEVICE/App/usbd_desc.o
                0x0000000020000a68                USBD_StrDesc
 .bss.hpcd_USB_OTG_FS
                0x0000000020000c68      0x50c ./USB_DEVICE/Target/usbd_conf.o
                0x0000000020000c68                hpcd_USB_OTG_FS
 .bss.mem.0     0x0000000020001174       0x14 ./USB_DEVICE/Target/usbd_conf.o
 *(COMMON)
                0x0000000020001188                . = ALIGN (0x4)
                0x0000000020001188                _ebss = .
                0x0000000020001188                __bss_end__ = _ebss

._user_heap_stack
                0x0000000020001188      0x600
                0x0000000020001188                . = ALIGN (0x8)
                [!provide]                        PROVIDE (end = .)
                0x0000000020001188                PROVIDE (_end = .)
                0x0000000020001388                . = (. + _Min_Heap_Size)
 *fill*         0x0000000020001188      0x200 
                0x0000000020001788                . = (. + _Min_Stack_Size)
 *fill*         0x0000000020001388      0x400 
                0x0000000020001788                . = ALIGN (0x8)

/DISCARD/
 libc.a(*)
 libm.a(*)
 libgcc.a(*)

.ARM.attributes
                0x0000000000000000       0x30
 *(.ARM.attributes)
 .ARM.attributes
                0x0000000000000000       0x1e c:/st/stm32cubeide_1.12.0/stm32cubeide/plugins/com.st.stm32cube.ide.mcu.externaltools.gnu-tools-for-stm32.10.3-2021.10.win32_1.0.200.202301161003/tools/bin/../lib/gcc/arm-none-eabi/10.3.1/thumb/v7e-m+fp/hard/crti.o
 .ARM.attributes
                0x000000000000001e       0x34 c:/st/stm32cubeide_1.12.0/stm32cubeide/plugins/com.st.stm32cube.ide.mcu.externaltools.gnu-tools-for-stm32.10.3-2021.10.win32_1.0.200.202301161003/tools/bin/../lib/gcc/arm-none-eabi/10.3.1/thumb/v7e-m+fp/hard/crtbegin.o
 .ARM.attributes
                0x0000000000000052       0x34 ./Core/Src/lis302dl.o
 .ARM.attributes
                0x0000000000000086       0x34 ./Core/Src/lis3dsh.o
 .ARM.attributes
                0x00000000000000ba       0x34 ./Core/Src/main.o
 .ARM.attributes
                0x00000000000000ee       0x34 ./Core/Src/stm32f4_discovery.o
 .ARM.attributes
                0x0000000000000122       0x34 ./Core/Src/stm32f4_discovery_accelerometer.o
 .ARM.attributes
                0x0000000000000156       0x34 ./Core/Src/stm32f4xx_hal_msp.o
 .ARM.attributes
                0x000000000000018a       0x34 ./Core/Src/stm32f4xx_it.o
 .ARM.attributes
                0x00000000000001be       0x34 ./Core/Src/system_stm32f4xx.o
 .ARM.attributes
                0x00000000000001f2       0x21 ./Core/Startup/startup_stm32f407vgtx.o
 .ARM.attributes
                0x0000000000000213       0x34 ./Drivers/STM32F4xx_HAL_Driver/Src/stm32f4xx_hal.o
 .ARM.attributes
                0x0000000000000247       0x34 ./Drivers/STM32F4xx_HAL_Driver/Src/stm32f4xx_hal_cortex.o
 .ARM.attributes
                0x000000000000027b       0x34 ./Drivers/STM32F4xx_HAL_Driver/Src/stm32f4xx_hal_gpio.o
 .ARM.attributes
                0x00000000000002af       0x34 ./Drivers/STM32F4xx_HAL_Driver/Src/stm32f4xx_hal_pcd.o
 .ARM.attributes
                0x00000000000002e3       0x34 ./Drivers/STM32F4xx_HAL_Driver/Src/stm32f4xx_hal_pcd_ex.o
 .ARM.attributes
                0x0000000000000317       0x34 ./Drivers/STM32F4xx_HAL_Driver/Src/stm32f4xx_hal_rcc.o
 .ARM.attributes
                0x000000000000034b       0x34 ./Drivers/STM32F4xx_HAL_Driver/Src/stm32f4xx_hal_spi.o
 .ARM.attributes
                0x000000000000037f       0x34 ./Drivers/STM32F4xx_HAL_Driver/Src/stm32f4xx_ll_usb.o
 .ARM.attributes
                0x00000000000003b3       0x34 ./Middlewares/ST/STM32_USB_Device_Library/Class/HID/Src/usbd_hid.o
 .ARM.attributes
                0x00000000000003e7       0x34 ./Middlewares/ST/STM32_USB_Device_Library/Core/Src/usbd_core.o
 .ARM.attributes
                0x000000000000041b       0x34 ./Middlewares/ST/STM32_USB_Device_Library/Core/Src/usbd_ctlreq.o
 .ARM.attributes
                0x000000000000044f       0x34 ./Middlewares/ST/STM32_USB_Device_Library/Core/Src/usbd_ioreq.o
 .ARM.attributes
                0x0000000000000483       0x34 ./USB_DEVICE/App/usb_device.o
 .ARM.attributes
                0x00000000000004b7       0x34 ./USB_DEVICE/App/usbd_desc.o
 .ARM.attributes
                0x00000000000004eb       0x34 ./USB_DEVICE/Target/usbd_conf.o
 .ARM.attributes
                0x000000000000051f       0x34 c:/st/stm32cubeide_1.12.0/stm32cubeide/plugins/com.st.stm32cube.ide.mcu.externaltools.gnu-tools-for-stm32.10.3-2021.10.win32_1.0.200.202301161003/tools/bin/../lib/gcc/arm-none-eabi/10.3.1/../../../../arm-none-eabi/lib/thumb/v7e-m+fp/hard\libc_nano.a(lib_a-init.o)
 .ARM.attributes
                0x0000000000000553       0x34 c:/st/stm32cubeide_1.12.0/stm32cubeide/plugins/com.st.stm32cube.ide.mcu.externaltools.gnu-tools-for-stm32.10.3-2021.10.win32_1.0.200.202301161003/tools/bin/../lib/gcc/arm-none-eabi/10.3.1/../../../../arm-none-eabi/lib/thumb/v7e-m+fp/hard\libc_nano.a(lib_a-memset.o)
 .ARM.attributes
                0x0000000000000587       0x1e c:/st/stm32cubeide_1.12.0/stm32cubeide/plugins/com.st.stm32cube.ide.mcu.externaltools.gnu-tools-for-stm32.10.3-2021.10.win32_1.0.200.202301161003/tools/bin/../lib/gcc/arm-none-eabi/10.3.1/thumb/v7e-m+fp/hard\libgcc.a(_aeabi_uldivmod.o)
 .ARM.attributes
                0x00000000000005a5       0x34 c:/st/stm32cubeide_1.12.0/stm32cubeide/plugins/com.st.stm32cube.ide.mcu.externaltools.gnu-tools-for-stm32.10.3-2021.10.win32_1.0.200.202301161003/tools/bin/../lib/gcc/arm-none-eabi/10.3.1/thumb/v7e-m+fp/hard\libgcc.a(_udivmoddi4.o)
 .ARM.attributes
                0x00000000000005d9       0x1e c:/st/stm32cubeide_1.12.0/stm32cubeide/plugins/com.st.stm32cube.ide.mcu.externaltools.gnu-tools-for-stm32.10.3-2021.10.win32_1.0.200.202301161003/tools/bin/../lib/gcc/arm-none-eabi/10.3.1/thumb/v7e-m+fp/hard\libgcc.a(_dvmd_tls.o)
 .ARM.attributes
                0x00000000000005f7       0x1e c:/st/stm32cubeide_1.12.0/stm32cubeide/plugins/com.st.stm32cube.ide.mcu.externaltools.gnu-tools-for-stm32.10.3-2021.10.win32_1.0.200.202301161003/tools/bin/../lib/gcc/arm-none-eabi/10.3.1/thumb/v7e-m+fp/hard/crtn.o
OUTPUT(accleromteref4.elf elf32-littlearm)
LOAD linker stubs
LOAD c:/st/stm32cubeide_1.12.0/stm32cubeide/plugins/com.st.stm32cube.ide.mcu.externaltools.gnu-tools-for-stm32.10.3-2021.10.win32_1.0.200.202301161003/tools/bin/../lib/gcc/arm-none-eabi/10.3.1/../../../../arm-none-eabi/lib/thumb/v7e-m+fp/hard\libc.a
LOAD c:/st/stm32cubeide_1.12.0/stm32cubeide/plugins/com.st.stm32cube.ide.mcu.externaltools.gnu-tools-for-stm32.10.3-2021.10.win32_1.0.200.202301161003/tools/bin/../lib/gcc/arm-none-eabi/10.3.1/../../../../arm-none-eabi/lib/thumb/v7e-m+fp/hard\libm.a
LOAD c:/st/stm32cubeide_1.12.0/stm32cubeide/plugins/com.st.stm32cube.ide.mcu.externaltools.gnu-tools-for-stm32.10.3-2021.10.win32_1.0.200.202301161003/tools/bin/../lib/gcc/arm-none-eabi/10.3.1/thumb/v7e-m+fp/hard\libgcc.a

.debug_info     0x0000000000000000    0x11d58
 .debug_info    0x0000000000000000      0x559 ./Core/Src/lis302dl.o
 .debug_info    0x0000000000000559      0x507 ./Core/Src/lis3dsh.o
 .debug_info    0x0000000000000a60     0x1a7b ./Core/Src/main.o
 .debug_info    0x00000000000024db     0x112c ./Core/Src/stm32f4_discovery.o
 .debug_info    0x0000000000003607      0x41f ./Core/Src/stm32f4_discovery_accelerometer.o
 .debug_info    0x0000000000003a26      0x9e6 ./Core/Src/stm32f4xx_hal_msp.o
 .debug_info    0x000000000000440c      0x674 ./Core/Src/stm32f4xx_it.o
 .debug_info    0x0000000000004a80      0x523 ./Core/Src/system_stm32f4xx.o
 .debug_info    0x0000000000004fa3       0x22 ./Core/Startup/startup_stm32f407vgtx.o
 .debug_info    0x0000000000004fc5      0x97c ./Drivers/STM32F4xx_HAL_Driver/Src/stm32f4xx_hal.o
 .debug_info    0x0000000000005941      0xe1b ./Drivers/STM32F4xx_HAL_Driver/Src/stm32f4xx_hal_cortex.o
 .debug_info    0x000000000000675c      0x76a ./Drivers/STM32F4xx_HAL_Driver/Src/stm32f4xx_hal_gpio.o
 .debug_info    0x0000000000006ec6     0x1695 ./Drivers/STM32F4xx_HAL_Driver/Src/stm32f4xx_hal_pcd.o
 .debug_info    0x000000000000855b      0x717 ./Drivers/STM32F4xx_HAL_Driver/Src/stm32f4xx_hal_pcd_ex.o
 .debug_info    0x0000000000008c72      0x966 ./Drivers/STM32F4xx_HAL_Driver/Src/stm32f4xx_hal_rcc.o
 .debug_info    0x00000000000095d8     0x1758 ./Drivers/STM32F4xx_HAL_Driver/Src/stm32f4xx_hal_spi.o
 .debug_info    0x000000000000ad30     0x1a97 ./Drivers/STM32F4xx_HAL_Driver/Src/stm32f4xx_ll_usb.o
 .debug_info    0x000000000000c7c7      0xb0b ./Middlewares/ST/STM32_USB_Device_Library/Class/HID/Src/usbd_hid.o
 .debug_info    0x000000000000d2d2      0xee7 ./Middlewares/ST/STM32_USB_Device_Library/Core/Src/usbd_core.o
 .debug_info    0x000000000000e1b9      0xb7f ./Middlewares/ST/STM32_USB_Device_Library/Core/Src/usbd_ctlreq.o
 .debug_info    0x000000000000ed38      0x7da ./Middlewares/ST/STM32_USB_Device_Library/Core/Src/usbd_ioreq.o
 .debug_info    0x000000000000f512      0x661 ./USB_DEVICE/App/usb_device.o
 .debug_info    0x000000000000fb73      0x498 ./USB_DEVICE/App/usbd_desc.o
 .debug_info    0x000000000001000b     0x1d4d ./USB_DEVICE/Target/usbd_conf.o

.debug_abbrev   0x0000000000000000     0x3246
 .debug_abbrev  0x0000000000000000      0x1dc ./Core/Src/lis302dl.o
 .debug_abbrev  0x00000000000001dc      0x1dc ./Core/Src/lis3dsh.o
 .debug_abbrev  0x00000000000003b8      0x378 ./Core/Src/main.o
 .debug_abbrev  0x0000000000000730      0x2b7 ./Core/Src/stm32f4_discovery.o
 .debug_abbrev  0x00000000000009e7      0x162 ./Core/Src/stm32f4_discovery_accelerometer.o
 .debug_abbrev  0x0000000000000b49      0x1a9 ./Core/Src/stm32f4xx_hal_msp.o
 .debug_abbrev  0x0000000000000cf2      0x1ae ./Core/Src/stm32f4xx_it.o
 .debug_abbrev  0x0000000000000ea0      0x116 ./Core/Src/system_stm32f4xx.o
 .debug_abbrev  0x0000000000000fb6       0x12 ./Core/Startup/startup_stm32f407vgtx.o
 .debug_abbrev  0x0000000000000fc8      0x20d ./Drivers/STM32F4xx_HAL_Driver/Src/stm32f4xx_hal.o
 .debug_abbrev  0x00000000000011d5      0x316 ./Drivers/STM32F4xx_HAL_Driver/Src/stm32f4xx_hal_cortex.o
 .debug_abbrev  0x00000000000014eb      0x1c4 ./Drivers/STM32F4xx_HAL_Driver/Src/stm32f4xx_hal_gpio.o
 .debug_abbrev  0x00000000000016af      0x2bb ./Drivers/STM32F4xx_HAL_Driver/Src/stm32f4xx_hal_pcd.o
 .debug_abbrev  0x000000000000196a      0x1ce ./Drivers/STM32F4xx_HAL_Driver/Src/stm32f4xx_hal_pcd_ex.o
 .debug_abbrev  0x0000000000001b38      0x2aa ./Drivers/STM32F4xx_HAL_Driver/Src/stm32f4xx_hal_rcc.o
 .debug_abbrev  0x0000000000001de2      0x26e ./Drivers/STM32F4xx_HAL_Driver/Src/stm32f4xx_hal_spi.o
 .debug_abbrev  0x0000000000002050      0x296 ./Drivers/STM32F4xx_HAL_Driver/Src/stm32f4xx_ll_usb.o
 .debug_abbrev  0x00000000000022e6      0x291 ./Middlewares/ST/STM32_USB_Device_Library/Class/HID/Src/usbd_hid.o
 .debug_abbrev  0x0000000000002577      0x263 ./Middlewares/ST/STM32_USB_Device_Library/Core/Src/usbd_core.o
 .debug_abbrev  0x00000000000027da      0x25c ./Middlewares/ST/STM32_USB_Device_Library/Core/Src/usbd_ctlreq.o
 .debug_abbrev  0x0000000000002a36      0x18a ./Middlewares/ST/STM32_USB_Device_Library/Core/Src/usbd_ioreq.o
 .debug_abbrev  0x0000000000002bc0      0x181 ./USB_DEVICE/App/usb_device.o
 .debug_abbrev  0x0000000000002d41      0x1da ./USB_DEVICE/App/usbd_desc.o
 .debug_abbrev  0x0000000000002f1b      0x32b ./USB_DEVICE/Target/usbd_conf.o

.debug_aranges  0x0000000000000000      0xe88
 .debug_aranges
                0x0000000000000000       0x78 ./Core/Src/lis302dl.o
 .debug_aranges
                0x0000000000000078       0x68 ./Core/Src/lis3dsh.o
 .debug_aranges
                0x00000000000000e0       0x58 ./Core/Src/main.o
 .debug_aranges
                0x0000000000000138       0x90 ./Core/Src/stm32f4_discovery.o
 .debug_aranges
                0x00000000000001c8       0x48 ./Core/Src/stm32f4_discovery_accelerometer.o
 .debug_aranges
                0x0000000000000210       0x30 ./Core/Src/stm32f4xx_hal_msp.o
 .debug_aranges
                0x0000000000000240       0x70 ./Core/Src/stm32f4xx_it.o
 .debug_aranges
                0x00000000000002b0       0x28 ./Core/Src/system_stm32f4xx.o
 .debug_aranges
                0x00000000000002d8       0x28 ./Core/Startup/startup_stm32f407vgtx.o
 .debug_aranges
                0x0000000000000300       0xf0 ./Drivers/STM32F4xx_HAL_Driver/Src/stm32f4xx_hal.o
 .debug_aranges
                0x00000000000003f0      0x118 ./Drivers/STM32F4xx_HAL_Driver/Src/stm32f4xx_hal_cortex.o
 .debug_aranges
                0x0000000000000508       0x58 ./Drivers/STM32F4xx_HAL_Driver/Src/stm32f4xx_hal_gpio.o
 .debug_aranges
                0x0000000000000560      0x148 ./Drivers/STM32F4xx_HAL_Driver/Src/stm32f4xx_hal_pcd.o
 .debug_aranges
                0x00000000000006a8       0x38 ./Drivers/STM32F4xx_HAL_Driver/Src/stm32f4xx_hal_pcd_ex.o
 .debug_aranges
                0x00000000000006e0       0x88 ./Drivers/STM32F4xx_HAL_Driver/Src/stm32f4xx_hal_rcc.o
 .debug_aranges
                0x0000000000000768      0x1d0 ./Drivers/STM32F4xx_HAL_Driver/Src/stm32f4xx_hal_spi.o
 .debug_aranges
                0x0000000000000938      0x1a0 ./Drivers/STM32F4xx_HAL_Driver/Src/stm32f4xx_ll_usb.o
 .debug_aranges
                0x0000000000000ad8       0x68 ./Middlewares/ST/STM32_USB_Device_Library/Class/HID/Src/usbd_hid.o
 .debug_aranges
                0x0000000000000b40       0xd8 ./Middlewares/ST/STM32_USB_Device_Library/Core/Src/usbd_core.o
 .debug_aranges
                0x0000000000000c18       0x90 ./Middlewares/ST/STM32_USB_Device_Library/Core/Src/usbd_ctlreq.o
 .debug_aranges
                0x0000000000000ca8       0x50 ./Middlewares/ST/STM32_USB_Device_Library/Core/Src/usbd_ioreq.o
 .debug_aranges
                0x0000000000000cf8       0x20 ./USB_DEVICE/App/usb_device.o
 .debug_aranges
                0x0000000000000d18       0x60 ./USB_DEVICE/App/usbd_desc.o
 .debug_aranges
                0x0000000000000d78      0x110 ./USB_DEVICE/Target/usbd_conf.o

.debug_ranges   0x0000000000000000      0xd10
 .debug_ranges  0x0000000000000000       0x68 ./Core/Src/lis302dl.o
 .debug_ranges  0x0000000000000068       0x58 ./Core/Src/lis3dsh.o
 .debug_ranges  0x00000000000000c0       0x48 ./Core/Src/main.o
 .debug_ranges  0x0000000000000108       0x80 ./Core/Src/stm32f4_discovery.o
 .debug_ranges  0x0000000000000188       0x38 ./Core/Src/stm32f4_discovery_accelerometer.o
 .debug_ranges  0x00000000000001c0       0x20 ./Core/Src/stm32f4xx_hal_msp.o
 .debug_ranges  0x00000000000001e0       0x60 ./Core/Src/stm32f4xx_it.o
 .debug_ranges  0x0000000000000240       0x18 ./Core/Src/system_stm32f4xx.o
 .debug_ranges  0x0000000000000258       0x20 ./Core/Startup/startup_stm32f407vgtx.o
 .debug_ranges  0x0000000000000278       0xe0 ./Drivers/STM32F4xx_HAL_Driver/Src/stm32f4xx_hal.o
 .debug_ranges  0x0000000000000358      0x108 ./Drivers/STM32F4xx_HAL_Driver/Src/stm32f4xx_hal_cortex.o
 .debug_ranges  0x0000000000000460       0x48 ./Drivers/STM32F4xx_HAL_Driver/Src/stm32f4xx_hal_gpio.o
 .debug_ranges  0x00000000000004a8      0x138 ./Drivers/STM32F4xx_HAL_Driver/Src/stm32f4xx_hal_pcd.o
 .debug_ranges  0x00000000000005e0       0x28 ./Drivers/STM32F4xx_HAL_Driver/Src/stm32f4xx_hal_pcd_ex.o
 .debug_ranges  0x0000000000000608       0x78 ./Drivers/STM32F4xx_HAL_Driver/Src/stm32f4xx_hal_rcc.o
 .debug_ranges  0x0000000000000680      0x1c0 ./Drivers/STM32F4xx_HAL_Driver/Src/stm32f4xx_hal_spi.o
 .debug_ranges  0x0000000000000840      0x190 ./Drivers/STM32F4xx_HAL_Driver/Src/stm32f4xx_ll_usb.o
 .debug_ranges  0x00000000000009d0       0x58 ./Middlewares/ST/STM32_USB_Device_Library/Class/HID/Src/usbd_hid.o
 .debug_ranges  0x0000000000000a28       0xc8 ./Middlewares/ST/STM32_USB_Device_Library/Core/Src/usbd_core.o
 .debug_ranges  0x0000000000000af0       0x80 ./Middlewares/ST/STM32_USB_Device_Library/Core/Src/usbd_ctlreq.o
 .debug_ranges  0x0000000000000b70       0x40 ./Middlewares/ST/STM32_USB_Device_Library/Core/Src/usbd_ioreq.o
 .debug_ranges  0x0000000000000bb0       0x10 ./USB_DEVICE/App/usb_device.o
 .debug_ranges  0x0000000000000bc0       0x50 ./USB_DEVICE/App/usbd_desc.o
 .debug_ranges  0x0000000000000c10      0x100 ./USB_DEVICE/Target/usbd_conf.o

.debug_macro    0x0000000000000000    0x23f2e
 .debug_macro   0x0000000000000000       0x7c ./Core/Src/lis302dl.o
 .debug_macro   0x000000000000007c      0xa78 ./Core/Src/lis302dl.o
 .debug_macro   0x0000000000000af4       0x22 ./Core/Src/lis302dl.o
 .debug_macro   0x0000000000000b16       0x8e ./Core/Src/lis302dl.o
 .debug_macro   0x0000000000000ba4       0x51 ./Core/Src/lis302dl.o
 .debug_macro   0x0000000000000bf5      0x103 ./Core/Src/lis302dl.o
 .debug_macro   0x0000000000000cf8       0x6a ./Core/Src/lis302dl.o
 .debug_macro   0x0000000000000d62      0x1df ./Core/Src/lis302dl.o
 .debug_macro   0x0000000000000f41      0x1d1 ./Core/Src/lis302dl.o
 .debug_macro   0x0000000000001112       0x7c ./Core/Src/lis3dsh.o
 .debug_macro   0x000000000000118e      0x428 ./Core/Src/lis3dsh.o
 .debug_macro   0x00000000000015b6      0x443 ./Core/Src/main.o
 .debug_macro   0x00000000000019f9      0x29b ./Core/Src/main.o
 .debug_macro   0x0000000000001c94       0x2e ./Core/Src/main.o
 .debug_macro   0x0000000000001cc2       0x2f ./Core/Src/main.o
 .debug_macro   0x0000000000001cf1       0x1c ./Core/Src/main.o
 .debug_macro   0x0000000000001d0d       0x22 ./Core/Src/main.o
 .debug_macro   0x0000000000001d2f       0xd9 ./Core/Src/main.o
 .debug_macro   0x0000000000001e08     0x102d ./Core/Src/main.o
 .debug_macro   0x0000000000002e35      0x11f ./Core/Src/main.o
 .debug_macro   0x0000000000002f54    0x15e82 ./Core/Src/main.o
 .debug_macro   0x0000000000018dd6       0x6d ./Core/Src/main.o
 .debug_macro   0x0000000000018e43     0x367e ./Core/Src/main.o
 .debug_macro   0x000000000001c4c1      0x174 ./Core/Src/main.o
 .debug_macro   0x000000000001c635       0x5c ./Core/Src/main.o
 .debug_macro   0x000000000001c691      0x96b ./Core/Src/main.o
 .debug_macro   0x000000000001cffc      0x9fe ./Core/Src/main.o
 .debug_macro   0x000000000001d9fa      0x115 ./Core/Src/main.o
 .debug_macro   0x000000000001db0f      0x13e ./Core/Src/main.o
 .debug_macro   0x000000000001dc4d       0xa5 ./Core/Src/main.o
 .debug_macro   0x000000000001dcf2      0x174 ./Core/Src/main.o
 .debug_macro   0x000000000001de66      0x287 ./Core/Src/main.o
 .debug_macro   0x000000000001e0ed       0x5f ./Core/Src/main.o
 .debug_macro   0x000000000001e14c      0x236 ./Core/Src/main.o
 .debug_macro   0x000000000001e382      0x12c ./Core/Src/main.o
 .debug_macro   0x000000000001e4ae      0x21e ./Core/Src/main.o
 .debug_macro   0x000000000001e6cc       0x2e ./Core/Src/main.o
 .debug_macro   0x000000000001e6fa      0x11a ./Core/Src/main.o
 .debug_macro   0x000000000001e814       0x7e ./Core/Src/main.o
 .debug_macro   0x000000000001e892       0x89 ./Core/Src/main.o
 .debug_macro   0x000000000001e91b      0x225 ./Core/Src/main.o
 .debug_macro   0x000000000001eb40      0x248 ./Core/Src/main.o
 .debug_macro   0x000000000001ed88       0xba ./Core/Src/main.o
 .debug_macro   0x000000000001ee42      0x12d ./Core/Src/main.o
 .debug_macro   0x000000000001ef6f       0x52 ./Core/Src/main.o
 .debug_macro   0x000000000001efc1       0x1e ./Core/Src/main.o
 .debug_macro   0x000000000001efdf       0x3c ./Core/Src/main.o
 .debug_macro   0x000000000001f01b       0x34 ./Core/Src/main.o
 .debug_macro   0x000000000001f04f       0x16 ./Core/Src/main.o
 .debug_macro   0x000000000001f065       0x35 ./Core/Src/main.o
 .debug_macro   0x000000000001f09a      0x341 ./Core/Src/main.o
 .debug_macro   0x000000000001f3db       0x10 ./Core/Src/main.o
 .debug_macro   0x000000000001f3eb       0x16 ./Core/Src/main.o
 .debug_macro   0x000000000001f401       0x43 ./Core/Src/main.o
 .debug_macro   0x000000000001f444       0x34 ./Core/Src/main.o
 .debug_macro   0x000000000001f478       0x10 ./Core/Src/main.o
 .debug_macro   0x000000000001f488       0x58 ./Core/Src/main.o
 .debug_macro   0x000000000001f4e0       0x71 ./Core/Src/main.o
 .debug_macro   0x000000000001f551       0x1c ./Core/Src/main.o
 .debug_macro   0x000000000001f56d      0x12a ./Core/Src/main.o
 .debug_macro   0x000000000001f697       0x10 ./Core/Src/main.o
 .debug_macro   0x000000000001f6a7       0x1c ./Core/Src/main.o
 .debug_macro   0x000000000001f6c3       0x52 ./Core/Src/main.o
 .debug_macro   0x000000000001f715       0x22 ./Core/Src/main.o
 .debug_macro   0x000000000001f737       0x10 ./Core/Src/main.o
 .debug_macro   0x000000000001f747       0x52 ./Core/Src/main.o
 .debug_macro   0x000000000001f799       0xd5 ./Core/Src/main.o
 .debug_macro   0x000000000001f86e       0x1c ./Core/Src/main.o
 .debug_macro   0x000000000001f88a       0x3d ./Core/Src/main.o
 .debug_macro   0x000000000001f8c7       0x16 ./Core/Src/main.o
 .debug_macro   0x000000000001f8dd      0x145 ./Core/Src/main.o
 .debug_macro   0x000000000001fa22       0x16 ./Core/Src/main.o
 .debug_macro   0x000000000001fa38       0x16 ./Core/Src/main.o
 .debug_macro   0x000000000001fa4e       0x29 ./Core/Src/main.o
 .debug_macro   0x000000000001fa77       0x16 ./Core/Src/main.o
 .debug_macro   0x000000000001fa8d       0x20 ./Core/Src/main.o
 .debug_macro   0x000000000001faad       0x6b ./Core/Src/main.o
 .debug_macro   0x000000000001fb18      0x20f ./Core/Src/main.o
 .debug_macro   0x000000000001fd27      0x1e5 ./Core/Src/main.o
 .debug_macro   0x000000000001ff0c      0x42e ./Core/Src/main.o
 .debug_macro   0x000000000002033a       0x5f ./Core/Src/main.o
 .debug_macro   0x0000000000020399      0x20b ./Core/Src/stm32f4_discovery.o
 .debug_macro   0x00000000000205a4      0x1df ./Core/Src/stm32f4_discovery.o
 .debug_macro   0x0000000000020783      0x219 ./Core/Src/stm32f4_discovery_accelerometer.o
 .debug_macro   0x000000000002099c      0x1e8 ./Core/Src/stm32f4xx_hal_msp.o
 .debug_macro   0x0000000000020b84      0x1f2 ./Core/Src/stm32f4xx_it.o
 .debug_macro   0x0000000000020d76      0x1de ./Core/Src/system_stm32f4xx.o
 .debug_macro   0x0000000000020f54      0x23e ./Drivers/STM32F4xx_HAL_Driver/Src/stm32f4xx_hal.o
 .debug_macro   0x0000000000021192      0x1de ./Drivers/STM32F4xx_HAL_Driver/Src/stm32f4xx_hal_cortex.o
 .debug_macro   0x0000000000021370      0x1e4 ./Drivers/STM32F4xx_HAL_Driver/Src/stm32f4xx_hal_gpio.o
 .debug_macro   0x0000000000021554      0x1ea ./Drivers/STM32F4xx_HAL_Driver/Src/stm32f4xx_hal_pcd.o
 .debug_macro   0x000000000002173e      0x1de ./Drivers/STM32F4xx_HAL_Driver/Src/stm32f4xx_hal_pcd_ex.o
 .debug_macro   0x000000000002191c      0x202 ./Drivers/STM32F4xx_HAL_Driver/Src/stm32f4xx_hal_rcc.o
 .debug_macro   0x0000000000021b1e      0x1ed ./Drivers/STM32F4xx_HAL_Driver/Src/stm32f4xx_hal_spi.o
 .debug_macro   0x0000000000021d0b      0x1de ./Drivers/STM32F4xx_HAL_Driver/Src/stm32f4xx_ll_usb.o
 .debug_macro   0x0000000000021ee9      0x3fe ./Middlewares/ST/STM32_USB_Device_Library/Class/HID/Src/usbd_hid.o
 .debug_macro   0x00000000000222e7       0x97 ./Middlewares/ST/STM32_USB_Device_Library/Class/HID/Src/usbd_hid.o
 .debug_macro   0x000000000002237e       0xfd ./Middlewares/ST/STM32_USB_Device_Library/Class/HID/Src/usbd_hid.o
 .debug_macro   0x000000000002247b       0x56 ./Middlewares/ST/STM32_USB_Device_Library/Class/HID/Src/usbd_hid.o
 .debug_macro   0x00000000000224d1      0x3e5 ./Middlewares/ST/STM32_USB_Device_Library/Core/Src/usbd_core.o
 .debug_macro   0x00000000000228b6      0x215 ./Middlewares/ST/STM32_USB_Device_Library/Core/Src/usbd_core.o
 .debug_macro   0x0000000000022acb      0x3ef ./Middlewares/ST/STM32_USB_Device_Library/Core/Src/usbd_ctlreq.o
 .debug_macro   0x0000000000022eba      0x3eb ./Middlewares/ST/STM32_USB_Device_Library/Core/Src/usbd_ioreq.o
 .debug_macro   0x00000000000232a5      0x41b ./USB_DEVICE/App/usb_device.o
 .debug_macro   0x00000000000236c0       0x22 ./USB_DEVICE/App/usb_device.o
 .debug_macro   0x00000000000236e2      0x428 ./USB_DEVICE/App/usbd_desc.o
 .debug_macro   0x0000000000023b0a       0x1c ./USB_DEVICE/App/usbd_desc.o
 .debug_macro   0x0000000000023b26      0x408 ./USB_DEVICE/Target/usbd_conf.o

.debug_line     0x0000000000000000    0x11e2a
 .debug_line    0x0000000000000000      0x5ca ./Core/Src/lis302dl.o
 .debug_line    0x00000000000005ca      0x5d2 ./Core/Src/lis3dsh.o
 .debug_line    0x0000000000000b9c      0xd0d ./Core/Src/main.o
 .debug_line    0x00000000000018a9      0x943 ./Core/Src/stm32f4_discovery.o
 .debug_line    0x00000000000021ec      0x8b2 ./Core/Src/stm32f4_discovery_accelerometer.o
 .debug_line    0x0000000000002a9e      0x738 ./Core/Src/stm32f4xx_hal_msp.o
 .debug_line    0x00000000000031d6      0x7cb ./Core/Src/stm32f4xx_it.o
 .debug_line    0x00000000000039a1      0x75a ./Core/Src/system_stm32f4xx.o
 .debug_line    0x00000000000040fb       0x88 ./Core/Startup/startup_stm32f407vgtx.o
 .debug_line    0x0000000000004183      0x9c0 ./Drivers/STM32F4xx_HAL_Driver/Src/stm32f4xx_hal.o
 .debug_line    0x0000000000004b43      0xc6f ./Drivers/STM32F4xx_HAL_Driver/Src/stm32f4xx_hal_cortex.o
 .debug_line    0x00000000000057b2      0xb34 ./Drivers/STM32F4xx_HAL_Driver/Src/stm32f4xx_hal_gpio.o
 .debug_line    0x00000000000062e6     0x1463 ./Drivers/STM32F4xx_HAL_Driver/Src/stm32f4xx_hal_pcd.o
 .debug_line    0x0000000000007749      0x7a3 ./Drivers/STM32F4xx_HAL_Driver/Src/stm32f4xx_hal_pcd_ex.o
 .debug_line    0x0000000000007eec      0xd3c ./Drivers/STM32F4xx_HAL_Driver/Src/stm32f4xx_hal_rcc.o
 .debug_line    0x0000000000008c28     0x1c4a ./Drivers/STM32F4xx_HAL_Driver/Src/stm32f4xx_hal_spi.o
 .debug_line    0x000000000000a872     0x1a7d ./Drivers/STM32F4xx_HAL_Driver/Src/stm32f4xx_ll_usb.o
 .debug_line    0x000000000000c2ef      0xc92 ./Middlewares/ST/STM32_USB_Device_Library/Class/HID/Src/usbd_hid.o
 .debug_line    0x000000000000cf81      0xf67 ./Middlewares/ST/STM32_USB_Device_Library/Core/Src/usbd_core.o
 .debug_line    0x000000000000dee8     0x1138 ./Middlewares/ST/STM32_USB_Device_Library/Core/Src/usbd_ctlreq.o
 .debug_line    0x000000000000f020      0xa7f ./Middlewares/ST/STM32_USB_Device_Library/Core/Src/usbd_ioreq.o
 .debug_line    0x000000000000fa9f      0xa20 ./USB_DEVICE/App/usb_device.o
 .debug_line    0x00000000000104bf      0xb04 ./USB_DEVICE/App/usbd_desc.o
 .debug_line    0x0000000000010fc3      0xe67 ./USB_DEVICE/Target/usbd_conf.o

.debug_str      0x0000000000000000    0xc8cfa
 .debug_str     0x0000000000000000     0x47ed ./Core/Src/lis302dl.o
                                       0x49b2 (size before relaxing)
 .debug_str     0x00000000000047ed     0x1380 ./Core/Src/lis3dsh.o
                                       0x50e1 (size before relaxing)
 .debug_str     0x0000000000005b6d    0xbff09 ./Core/Src/main.o
                                      0xc5a2a (size before relaxing)
 .debug_str     0x00000000000c5a76      0x385 ./Core/Src/stm32f4_discovery.o
                                      0xbec9a (size before relaxing)
 .debug_str     0x00000000000c5dfb      0x1f0 ./Core/Src/stm32f4_discovery_accelerometer.o
                                      0xbfca2 (size before relaxing)
 .debug_str     0x00000000000c5feb       0x80 ./Core/Src/stm32f4xx_hal_msp.o
                                      0xbd6bc (size before relaxing)
 .debug_str     0x00000000000c606b      0x128 ./Core/Src/stm32f4xx_it.o
                                      0xbd56a (size before relaxing)
 .debug_str     0x00000000000c6193       0xdb ./Core/Src/system_stm32f4xx.o
                                      0xbd254 (size before relaxing)
 .debug_str     0x00000000000c626e       0x36 ./Core/Startup/startup_stm32f407vgtx.o
                                         0x6d (size before relaxing)
 .debug_str     0x00000000000c62a4      0x5e6 ./Drivers/STM32F4xx_HAL_Driver/Src/stm32f4xx_hal.o
                                      0xbddd8 (size before relaxing)
 .debug_str     0x00000000000c688a      0x33a ./Drivers/STM32F4xx_HAL_Driver/Src/stm32f4xx_hal_cortex.o
                                      0xbdb0b (size before relaxing)
 .debug_str     0x00000000000c6bc4       0xc4 ./Drivers/STM32F4xx_HAL_Driver/Src/stm32f4xx_hal_gpio.o
                                      0xbd3cf (size before relaxing)
 .debug_str     0x00000000000c6c88      0x825 ./Drivers/STM32F4xx_HAL_Driver/Src/stm32f4xx_hal_pcd.o
                                      0xbdd16 (size before relaxing)
 .debug_str     0x00000000000c74ad      0x115 ./Drivers/STM32F4xx_HAL_Driver/Src/stm32f4xx_hal_pcd_ex.o
                                      0xbd605 (size before relaxing)
 .debug_str     0x00000000000c75c2      0x21f ./Drivers/STM32F4xx_HAL_Driver/Src/stm32f4xx_hal_rcc.o
                                      0xbd688 (size before relaxing)
 .debug_str     0x00000000000c77e1      0x564 ./Drivers/STM32F4xx_HAL_Driver/Src/stm32f4xx_hal_spi.o
                                      0xbdb18 (size before relaxing)
 .debug_str     0x00000000000c7d45      0x438 ./Drivers/STM32F4xx_HAL_Driver/Src/stm32f4xx_ll_usb.o
                                      0xbdb7e (size before relaxing)
 .debug_str     0x00000000000c817d      0x2ec ./Middlewares/ST/STM32_USB_Device_Library/Class/HID/Src/usbd_hid.o
                                      0xc225a (size before relaxing)
 .debug_str     0x00000000000c8469      0x366 ./Middlewares/ST/STM32_USB_Device_Library/Core/Src/usbd_core.o
                                      0xc21f2 (size before relaxing)
 .debug_str     0x00000000000c87cf      0x139 ./Middlewares/ST/STM32_USB_Device_Library/Core/Src/usbd_ctlreq.o
                                      0xc201d (size before relaxing)
 .debug_str     0x00000000000c8908       0x79 ./Middlewares/ST/STM32_USB_Device_Library/Core/Src/usbd_ioreq.o
                                      0xc1ef2 (size before relaxing)
 .debug_str     0x00000000000c8981       0xa2 ./USB_DEVICE/App/usb_device.o
                                      0xc2067 (size before relaxing)